../Core/Src/cppMain.cpp:52:6:void cppInit()	16	static
../Core/Src/cppMain.cpp:98:6:void cppExit(uint16_t)	16	static
../Core/Src/cppMain.cpp:108:6:void cppFlip1ms()	8	static
../Core/Src/cppMain.cpp:158:6:void cppFlip100ns()	8	static
../Core/Src/cppMain.cpp:164:6:void cppFlip10ms()	8	static
../Core/Src/cppMain.cpp:172:6:void cppLoop()	8	static
../Core/Src/cppMain.cpp:178:6:void cppTimPwmPulseFinished()	8	static
../Core/Src/cppMain.cpp:182:1:void __static_initialization_and_destruction_0(int, int)	56	static
../Core/Src/cppMain.cpp:182:1:cpp)	8	static
