../Core/Src/cppMain.cpp:52:6:void cppInit()	16	static
../Core/Src/cppMain.cpp:97:6:void cppExit(uint16_t)	16	static
../Core/Src/cppMain.cpp:107:6:void cppFlip1ms()	8	static
../Core/Src/cppMain.cpp:157:6:void cppFlip100ns()	8	static
../Core/Src/cppMain.cpp:163:6:void cppFlip10ms()	8	static
../Core/Src/cppMain.cpp:171:6:void cppLoop()	8	static
../Core/Src/cppMain.cpp:177:6:void cppTimPwmPulseFinished()	8	static
../Core/Src/cppMain.cpp:181:1:void __static_initialization_and_destruction_0(int, int)	56	static
../Core/Src/cppMain.cpp:181:1:cpp)	8	static
