../Core/Src/Encoder.cpp:19:1:Encoder::Encoder()	16	static
../Core/Src/Encoder.cpp:23:6:void Encoder::init()	16	static
../Core/Src/Encoder.cpp:31:6:void Encoder::update()	32	static
../Core/Src/Encoder.cpp:69:6:void Encoder::getCnt(float&, float&)	24	static
../Core/Src/Encoder.cpp:75:7:float Encoder::getDistance()	16	static
../Core/Src/Encoder.cpp:80:7:float Encoder::getDistance10mm()	16	static
../Core/Src/Encoder.cpp:85:7:float Encoder::getTotalDistance()	16	static
../Core/Src/Encoder.cpp:90:6:void Encoder::setTotalDistance(float)	16	static
../Core/Src/Encoder.cpp:101:7:float Encoder::getTotalCnt()	16	static
../Core/Src/Encoder.cpp:106:6:void Encoder::clearDistance10mm()	16	static
../Core/Src/Encoder.cpp:113:6:void Encoder::clearTotalDistance()	16	static
../Core/Src/Encoder.cpp:118:7:float Encoder::getSideLineJudgeDistance()	16	static
../Core/Src/Encoder.cpp:123:6:void Encoder::clearSideLineJudgeDistance()	16	static
../Core/Src/Encoder.cpp:127:7:float Encoder::getCrossLineJudgeDistance()	16	static
../Core/Src/Encoder.cpp:132:6:void Encoder::clearCrossLineJudgeDistance()	16	static
../Core/Src/Encoder.cpp:137:7:float Encoder::getGoalJudgeDistance()	16	static
../Core/Src/Encoder.cpp:142:6:void Encoder::clearGoalJudgeDistance()	16	static
../Core/Src/Encoder.cpp:146:7:float Encoder::getGoalAreaDistance()	16	static
../Core/Src/Encoder.cpp:151:6:void Encoder::clearGoalAreaDistance()	16	static
../Core/Src/Encoder.cpp:156:8:double Encoder::getTheta()	16	static
../Core/Src/Encoder.cpp:161:6:void Encoder::clearTheta()	16	static
../Core/Src/Encoder.cpp:165:8:double Encoder::getDTheta()	16	static
../Core/Src/Encoder.cpp:170:6:void Encoder::clearDTheta()	16	static
