../Core/Src/Encoder.cpp:20:1:Encoder::Encoder()	16	static
../Core/Src/Encoder.cpp:24:6:void Encoder::init()	16	static
../Core/Src/Encoder.cpp:32:6:void Encoder::update()	32	static
../Core/Src/Encoder.cpp:75:6:void Encoder::getCnt(float&, float&)	24	static
../Core/Src/Encoder.cpp:81:7:float Encoder::getDistance()	16	static
../Core/Src/Encoder.cpp:86:7:float Encoder::getDistance10mm()	16	static
../Core/Src/Encoder.cpp:91:7:float Encoder::getTotalDistance()	16	static
../Core/Src/Encoder.cpp:96:6:void Encoder::setTotalDistance(float)	16	static
../Core/Src/Encoder.cpp:107:7:float Encoder::getTotalCnt()	16	static
../Core/Src/Encoder.cpp:112:6:void Encoder::clearDistance10mm()	16	static
../Core/Src/Encoder.cpp:119:6:void Encoder::clearTotalDistance()	16	static
../Core/Src/Encoder.cpp:124:7:float Encoder::getSideLineJudgeDistance()	16	static
../Core/Src/Encoder.cpp:129:6:void Encoder::clearSideLineJudgeDistance()	16	static
../Core/Src/Encoder.cpp:133:7:float Encoder::getCrossLineJudgeDistance()	16	static
../Core/Src/Encoder.cpp:138:6:void Encoder::clearCrossLineJudgeDistance()	16	static
../Core/Src/Encoder.cpp:143:7:float Encoder::getGoalJudgeDistance()	16	static
../Core/Src/Encoder.cpp:148:6:void Encoder::clearGoalJudgeDistance()	16	static
../Core/Src/Encoder.cpp:152:7:float Encoder::getGoalAreaDistance()	16	static
../Core/Src/Encoder.cpp:157:6:void Encoder::clearGoalAreaDistance()	16	static
../Core/Src/Encoder.cpp:162:8:double Encoder::getTheta()	16	static
../Core/Src/Encoder.cpp:167:6:void Encoder::clearTheta()	16	static
../Core/Src/Encoder.cpp:171:8:double Encoder::getDTheta()	16	static
../Core/Src/Encoder.cpp:176:6:void Encoder::clearDTheta()	16	static
