../Core/Src/IMU.cpp:18:1:IMU::IMU()	16	static
../Core/Src/IMU.cpp:25:9:uint8_t IMU::init()	24	static
../Core/Src/IMU.cpp:34:6:void IMU::updateValues()	56	static
../Core/Src/IMU.cpp:70:7:float IMU::getOmegaX()	16	static
../Core/Src/IMU.cpp:75:7:float IMU::getOmegaY()	16	static
../Core/Src/IMU.cpp:80:7:float IMU::getOmegaZ()	16	static
../Core/Src/IMU.cpp:85:6:void IMU::calibration()	32	static
../Core/Src/IMU.cpp:103:7:float IMU::getOffsetVal()	16	static
../Core/Src/IMU.cpp:108:7:float IMU::getTheta()	16	static
../Core/Src/IMU.cpp:113:6:void IMU::correctionTheta(float)	16	static
../Core/Src/IMU.cpp:118:6:void IMU::clearTheta()	16	static
../Core/Src/IMU.cpp:122:7:float IMU::getTheta10mm()	16	static
../Core/Src/IMU.cpp:127:6:void IMU::clearTheta10mm()	16	static
../Core/Src/IMU.cpp:132:7:float IMU::getRobotAngleFromAcc()	16	static
../Core/Src/IMU.cpp:137:6:void IMU::resetRobotAngleFromAcc()	16	static
../Core/Src/IMU.cpp:142:7:float IMU::getRobotAngleFromGyro()	16	static
../Core/Src/IMU.cpp:147:6:void IMU::resetRobotAngleFromGyro()	16	static
../Core/Src/IMU.cpp:152:7:float IMU::getOmegaXOffset()	16	static
c:\st\stm32cubeide_1.11.2\stm32cubeide\plugins\com.st.stm32cube.ide.mcu.externaltools.gnu-tools-for-stm32.10.3-2021.10.win32_1.0.100.202210260954\tools\arm-none-eabi\include\c++\10.3.1\cmath:155:5:constexpr typename __gnu_cxx::__promote_2<_Tp, _Up>::__type std::atan2(_Tp, _Up) [with _Tp = short int; _Up = int]	24	static
