../Core/Src/IMU.cpp:18:1:IMU::IMU()	16	static
../Core/Src/IMU.cpp:25:9:uint8_t IMU::init()	24	static
../Core/Src/IMU.cpp:34:6:void IMU::updateValues()	64	static
../Core/Src/IMU.cpp:64:7:float IMU::getOmegaX()	16	static
../Core/Src/IMU.cpp:69:7:float IMU::getOmegaY()	16	static
../Core/Src/IMU.cpp:74:7:float IMU::getOmegaZ()	16	static
../Core/Src/IMU.cpp:79:6:void IMU::calibration()	168	dynamic
../Core/Src/IMU.cpp:108:7:float IMU::getOffsetVal()	16	static
../Core/Src/IMU.cpp:113:7:float IMU::getTheta()	16	static
../Core/Src/IMU.cpp:118:6:void IMU::correctionTheta(float)	16	static
../Core/Src/IMU.cpp:123:6:void IMU::clearTheta()	16	static
../Core/Src/IMU.cpp:127:7:float IMU::getTheta10mm()	16	static
../Core/Src/IMU.cpp:132:6:void IMU::clearTheta10mm()	16	static
../Core/Src/IMU.cpp:137:7:float IMU::getRobotAngleFromAcc()	16	static
../Core/Src/IMU.cpp:142:6:void IMU::clearRobotAngleFromAcc()	16	static
../Core/Src/IMU.cpp:147:7:float IMU::getRobotAngleFromGyro()	16	static
../Core/Src/IMU.cpp:152:6:void IMU::clearRobotAngleFromGyro()	16	static
