../Core/Src/IMU.cpp:18:1:IMU::IMU()	16	static
../Core/Src/IMU.cpp:25:9:uint8_t IMU::init()	24	static
../Core/Src/IMU.cpp:34:6:void IMU::updateValues()	64	static
../Core/Src/IMU.cpp:64:7:float IMU::getOmegaX()	16	static
../Core/Src/IMU.cpp:69:7:float IMU::getOmegaY()	16	static
../Core/Src/IMU.cpp:74:7:float IMU::getOmegaZ()	16	static
../Core/Src/IMU.cpp:79:6:void IMU::calibration()	32	static
../Core/Src/IMU.cpp:97:7:float IMU::getOffsetVal()	16	static
../Core/Src/IMU.cpp:102:7:float IMU::getTheta()	16	static
../Core/Src/IMU.cpp:107:6:void IMU::correctionTheta(float)	16	static
../Core/Src/IMU.cpp:112:6:void IMU::clearTheta()	16	static
../Core/Src/IMU.cpp:116:7:float IMU::getTheta10mm()	16	static
../Core/Src/IMU.cpp:121:6:void IMU::clearTheta10mm()	16	static
../Core/Src/IMU.cpp:126:7:float IMU::getRobotAngleFromAcc()	16	static
../Core/Src/IMU.cpp:131:6:void IMU::clearRobotAngleFromAcc()	16	static
../Core/Src/IMU.cpp:136:7:float IMU::getRobotAngleFromGyro()	16	static
../Core/Src/IMU.cpp:141:6:void IMU::clearRobotAngleFromGyro()	16	static
c:\st\stm32cubeide_1.11.2\stm32cubeide\plugins\com.st.stm32cube.ide.mcu.externaltools.gnu-tools-for-stm32.10.3-2021.10.win32_1.0.100.202210260954\tools\arm-none-eabi\include\c++\10.3.1\cmath:155:5:constexpr typename __gnu_cxx::__promote_2<_Tp, _Up>::__type std::atan2(_Tp, _Up) [with _Tp = short int; _Up = int]	24	static
