../Core/Src/InvertedControl.cpp:27:1:InvertedControl::InvertedControl(DriveMotor*, Encoder*, IMU*)	80	static
../Core/Src/InvertedControl.cpp:41:7:float InvertedControl::calcError()	24	static
../Core/Src/InvertedControl.cpp:50:6:void InvertedControl::pid()	40	static
../Core/Src/InvertedControl.cpp:72:6:void InvertedControl::estimateRobotAngle(double, double, const double*, double, double, double, double, double, double*, double*)	80	static
../Core/Src/InvertedControl.cpp:82:6:void InvertedControl::flip()	104	static
../Core/Src/InvertedControl.cpp:109:6:void InvertedControl::stateFeedbackControl(double, double, double, double, double)	104	static
../Core/Src/InvertedControl.cpp:136:6:void InvertedControl::setPIDGain(float, float, float)	24	static
../Core/Src/InvertedControl.cpp:143:6:void InvertedControl::start()	16	static
../Core/Src/InvertedControl.cpp:154:6:void InvertedControl::stop()	16	static
../Core/Src/InvertedControl.cpp:160:6:void InvertedControl::resetEstimatedTheta()	16	static
../Core/Src/InvertedControl.cpp:165:6:void InvertedControl::setTargetOmega(double)	24	static
../Core/Src/InvertedControl.cpp:172:6:bool InvertedControl::fallDown()	24	static
../Core/Src/InvertedControl.cpp:185:6:void InvertedControl::getDytu(double*, double*)	24	static
