c:\st\stm32cubeide_1.11.2\stm32cubeide\plugins\com.st.stm32cube.ide.mcu.externaltools.gnu-tools-for-stm32.10.3-2021.10.win32_1.0.100.202210260954\tools\arm-none-eabi\include\c++\10.3.1\bits\std_abs.h:71:3:constexpr double std::abs(double)	16	static
../Core/Src/InvertedControl.cpp:27:1:InvertedControl::InvertedControl(DriveMotor*, Encoder*, IMU*)	80	static
../Core/Src/InvertedControl.cpp:41:7:float InvertedControl::calcError()	24	static
../Core/Src/InvertedControl.cpp:50:6:void InvertedControl::pid()	40	static
../Core/Src/InvertedControl.cpp:72:6:void InvertedControl::estimateRobotAngle(double, double, const double*, double, double, double, double, double, double*, double*)	80	static
../Core/Src/InvertedControl.cpp:82:6:void InvertedControl::flip()	104	static
../Core/Src/InvertedControl.cpp:108:6:void InvertedControl::stateFeedbackControl(double, double, double, double, double)	104	static
../Core/Src/InvertedControl.cpp:135:6:void InvertedControl::setPIDGain(float, float, float)	24	static
../Core/Src/InvertedControl.cpp:142:6:void InvertedControl::start()	16	static
../Core/Src/InvertedControl.cpp:153:6:void InvertedControl::stop()	16	static
../Core/Src/InvertedControl.cpp:159:6:void InvertedControl::resetEstimatedTheta()	16	static
../Core/Src/InvertedControl.cpp:164:6:void InvertedControl::setTargetOmega(double)	24	static
../Core/Src/InvertedControl.cpp:171:6:bool InvertedControl::fallDown()	24	static
../Core/Src/InvertedControl.cpp:184:6:void InvertedControl::getDytu(double*, double*)	24	static
