../Core/Src/InvertedControl.cpp:24:1:InvertedControl::InvertedControl(DriveMotor*, Encoder*, IMU*)	80	static
../Core/Src/InvertedControl.cpp:38:7:float InvertedControl::calcError()	24	static
../Core/Src/InvertedControl.cpp:47:6:void InvertedControl::pid()	40	static
../Core/Src/InvertedControl.cpp:69:6:void InvertedControl::estimateRobotAngle(double, double, const double*, double, double, double, double, double, double*, double*)	80	static
../Core/Src/InvertedControl.cpp:79:6:void InvertedControl::flip()	104	static
../Core/Src/InvertedControl.cpp:104:6:void InvertedControl::stateFeedbackControl(double, double, double, double, double)	120	static
../Core/Src/InvertedControl.cpp:131:6:void InvertedControl::setPIDGain(float, float, float)	24	static
../Core/Src/InvertedControl.cpp:138:6:void InvertedControl::start()	16	static
../Core/Src/InvertedControl.cpp:147:6:void InvertedControl::stop()	16	static
../Core/Src/InvertedControl.cpp:153:6:void InvertedControl::resetEstimatedTheta()	16	static
../Core/Src/InvertedControl.cpp:158:6:void InvertedControl::setTargetOmega(float)	16	static
