../Core/Src/LineFollowign.cpp:14:1:LineFollowing::LineFollowing(VelocityControl*, FollowingSensor*, InvertedControl*, DriveMotor*)	24	static
../Core/Src/LineFollowign.cpp:25:7:float LineFollowing::calcError()	40	static
../Core/Src/LineFollowign.cpp:47:6:void LineFollowing::setTargetVelocity(float)	16	static
../Core/Src/LineFollowign.cpp:52:7:float LineFollowing::getTargetVelocity()	16	static
../Core/Src/LineFollowign.cpp:57:6:void LineFollowing::pid()	40	static
../Core/Src/LineFollowign.cpp:84:6:void LineFollowing::pidWithInvertedControl()	56	static
../Core/Src/LineFollowign.cpp:130:6:void LineFollowing::flip()	16	static
../Core/Src/LineFollowign.cpp:141:6:void LineFollowing::setInvertedMode()	16	static
../Core/Src/LineFollowign.cpp:146:6:void LineFollowing::resetInvertedMode()	16	static
../Core/Src/LineFollowign.cpp:151:6:void LineFollowing::setGain(float, float, float)	24	static
../Core/Src/LineFollowign.cpp:158:6:void LineFollowing::start()	24	static
../Core/Src/LineFollowign.cpp:182:6:void LineFollowing::stop()	16	static
../Core/Src/LineFollowign.cpp:197:6:void LineFollowing::emergencyStop()	16	static
../Core/Src/LineFollowign.cpp:211:6:void LineFollowing::enableCrossLineIgnore()	16	static
../Core/Src/LineFollowign.cpp:217:6:void LineFollowing::disableCrossLineIgnore()	16	static
