../Core/Src/LineFollowign.cpp:14:1:LineFollowing::LineFollowing(VelocityControl*, FollowingSensor*, InvertedControl*, DriveMotor*)	24	static
../Core/Src/LineFollowign.cpp:25:7:float LineFollowing::calcError()	40	static
../Core/Src/LineFollowign.cpp:43:6:void LineFollowing::setTargetVelocity(float)	16	static
../Core/Src/LineFollowign.cpp:48:7:float LineFollowing::getTargetVelocity()	16	static
../Core/Src/LineFollowign.cpp:53:6:void LineFollowing::pid()	40	static
../Core/Src/LineFollowign.cpp:80:6:void LineFollowing::pidWithInvertedControl()	56	static
../Core/Src/LineFollowign.cpp:120:6:void LineFollowing::flip()	16	static
../Core/Src/LineFollowign.cpp:131:6:void LineFollowing::setInvertedMode()	16	static
../Core/Src/LineFollowign.cpp:136:6:void LineFollowing::resetInvertedMode()	16	static
../Core/Src/LineFollowign.cpp:141:6:void LineFollowing::setGain(float, float, float)	24	static
../Core/Src/LineFollowign.cpp:148:6:void LineFollowing::start()	24	static
../Core/Src/LineFollowign.cpp:172:6:void LineFollowing::stop()	16	static
../Core/Src/LineFollowign.cpp:187:6:void LineFollowing::emergencyStop()	16	static
