../Drivers/CMSIS/Include/core_cm4.h:2064:26:ITM_SendChar	16	static,ignoring_inline_asm
../Core/Src/main.c:100:5:_write	32	static
../Core/Src/main.c:112:6:HAL_GPIO_EXTI_Callback	16	static
../Core/Src/main.c:118:6:HAL_TIM_PeriodElapsedCallback	16	static
../Core/Src/main.c:154:5:main	8	static
../Core/Src/main.c:222:6:SystemClock_Config	88	static
../Core/Src/main.c:276:13:MX_ADC1_Init	24	static
../Core/Src/main.c:436:13:MX_SDIO_SD_Init	4	static
../Core/Src/main.c:464:13:MX_SPI2_Init	8	static
../Core/Src/main.c:502:13:MX_SPI3_Init	8	static
../Core/Src/main.c:540:13:MX_TIM1_Init	80	static
../Core/Src/main.c:617:13:MX_TIM2_Init	48	static
../Core/Src/main.c:670:13:MX_TIM3_Init	48	static
../Core/Src/main.c:723:13:MX_TIM4_Init	56	static
../Core/Src/main.c:772:13:MX_TIM5_Init	48	static
../Core/Src/main.c:821:13:MX_TIM6_Init	16	static
../Core/Src/main.c:859:13:MX_TIM7_Init	16	static
../Core/Src/main.c:897:13:MX_TIM8_Init	56	static
../Core/Src/main.c:947:13:MX_TIM10_Init	8	static
../Core/Src/main.c:976:13:MX_DMA_Init	16	static
../Core/Src/main.c:1000:13:MX_GPIO_Init	48	static
../Core/Src/main.c:1086:6:Error_Handler	4	static,ignoring_inline_asm
