c:\st\stm32cubeide_1.11.2\stm32cubeide\plugins\com.st.stm32cube.ide.mcu.externaltools.gnu-tools-for-stm32.10.3-2021.10.win32_1.0.100.202210260954\tools\arm-none-eabi\include\c++\10.3.1\bits\std_abs.h:75:3:constexpr float std::abs(float)	16	static
../Core/Src/RunningStateController.cpp:23:7:float RunningStateController::linear_function(float, int16_t, int16_t, float)	24	static
../Core/Src/RunningStateController.cpp:28:1:RunningStateController::RunningStateController(DriveMotor*, FanMotor*, LineFollowing*, FollowingSensor*, SideSensor*, SideSensor*, VelocityControl*, Encoder*, IMU*, WheelDial*, sdCard*, InvertedControl*)	40	static
../Core/Src/RunningStateController.cpp:67:6:void RunningStateController::timerCountUp()	16	static
../Core/Src/RunningStateController.cpp:73:6:bool RunningStateController::isCrossLine()	24	static
../Core/Src/RunningStateController.cpp:99:6:bool RunningStateController::isContinuousCurvature()	32	static
../Core/Src/RunningStateController.cpp:125:6:void RunningStateController::setRunMode(uint16_t)	16	static
../Core/Src/RunningStateController.cpp:130:6:bool RunningStateController::isTargetDistance(float)	24	static
../Core/Src/RunningStateController.cpp:139:6:void RunningStateController::loop()	24	static
../Core/Src/RunningStateController.cpp:249:6:void RunningStateController::flip()	24	static
../Core/Src/RunningStateController.cpp:338:6:void RunningStateController::flip10ms()	24	static
../Core/Src/RunningStateController.cpp:346:6:void RunningStateController::init()	16	static
../Core/Src/RunningStateController.cpp:375:6:void RunningStateController::storeLog()	24	static
../Core/Src/RunningStateController.cpp:400:6:void RunningStateController::startLogging()	16	static
../Core/Src/RunningStateController.cpp:437:6:void RunningStateController::stopLogging()	16	static
../Core/Src/RunningStateController.cpp:458:6:void RunningStateController::saveLog()	16	static
../Core/Src/RunningStateController.cpp:507:6:void RunningStateController::startVelocityUpdate()	16	static
../Core/Src/RunningStateController.cpp:518:6:void RunningStateController::stopVelocityUpdate()	16	static
../Core/Src/RunningStateController.cpp:523:6:void RunningStateController::createVelocityTable()	72	static
../Core/Src/RunningStateController.cpp:570:7:float RunningStateController::radius2Velocity(float)	96	static
../Core/Src/RunningStateController.cpp:645:6:void RunningStateController::decelerateProcessing(float, const float*)	48	static
../Core/Src/RunningStateController.cpp:660:6:void RunningStateController::accelerateProcessing(float, const float*)	48	static
../Core/Src/RunningStateController.cpp:675:6:void RunningStateController::addDecelerationDistanceMergin(float*, int16_t)	40	static
../Core/Src/RunningStateController.cpp:698:6:void RunningStateController::addAccelerationDistanceMergin(float*, int16_t)	40	static
../Core/Src/RunningStateController.cpp:721:6:void RunningStateController::shiftVelocityTable(float*, int16_t)	32	static
../Core/Src/RunningStateController.cpp:734:6:void RunningStateController::updateTargetVelocity()	24	static
../Core/Src/RunningStateController.cpp:770:6:void RunningStateController::correctionTotalDistanceFromCrossLine()	32	static
../Core/Src/RunningStateController.cpp:790:6:void RunningStateController::correctionTotalDistanceFromSideLine()	32	static
../Core/Src/RunningStateController.cpp:811:6:void RunningStateController::setMaxVelocity(float)	16	static
../Core/Src/RunningStateController.cpp:816:6:void RunningStateController::setMinVelocity(float)	16	static
../Core/Src/RunningStateController.cpp:820:6:void RunningStateController::setAccDec(float, float)	24	static
../Core/Src/RunningStateController.cpp:826:6:void RunningStateController::setStraightRadius(float)	16	static
../Core/Src/RunningStateController.cpp:831:6:void RunningStateController::loadSearchinRunLog()	16	static
