c:\st\stm32cubeide_1.11.2\stm32cubeide\plugins\com.st.stm32cube.ide.mcu.externaltools.gnu-tools-for-stm32.10.3-2021.10.win32_1.0.100.202210260954\tools\arm-none-eabi\include\c++\10.3.1\bits\std_abs.h:75:3:constexpr float std::abs(float)	16	static
../Core/Src/RunningStateController.cpp:23:7:float RunningStateController::linear_function(float, int16_t, int16_t, float)	24	static
../Core/Src/RunningStateController.cpp:28:1:RunningStateController::RunningStateController(DriveMotor*, FanMotor*, LineFollowing*, FollowingSensor*, SideSensor*, SideSensor*, VelocityControl*, Encoder*, IMU*, WheelDial*, sdCard*, InvertedControl*)	40	static
../Core/Src/RunningStateController.cpp:67:6:void RunningStateController::timerCountUp()	16	static
../Core/Src/RunningStateController.cpp:73:6:bool RunningStateController::isCrossLine()	24	static
../Core/Src/RunningStateController.cpp:99:6:bool RunningStateController::isContinuousCurvature()	32	static
../Core/Src/RunningStateController.cpp:125:6:void RunningStateController::setRunMode(uint16_t)	16	static
../Core/Src/RunningStateController.cpp:130:6:void RunningStateController::setInvertedMode()	16	static
../Core/Src/RunningStateController.cpp:135:6:void RunningStateController::resetInvertedMode()	16	static
../Core/Src/RunningStateController.cpp:140:6:bool RunningStateController::isTargetDistance(float)	24	static
../Core/Src/RunningStateController.cpp:149:8:int8_t RunningStateController::loop()	24	static
../Core/Src/RunningStateController.cpp:269:6:void RunningStateController::flip()	24	static
../Core/Src/RunningStateController.cpp:366:6:void RunningStateController::flip10ms()	24	static
../Core/Src/RunningStateController.cpp:374:6:void RunningStateController::init()	16	static
../Core/Src/RunningStateController.cpp:417:6:void RunningStateController::storeLog()	24	static
../Core/Src/RunningStateController.cpp:442:6:void RunningStateController::startLogging()	16	static
../Core/Src/RunningStateController.cpp:479:6:void RunningStateController::stopLogging()	16	static
../Core/Src/RunningStateController.cpp:500:6:void RunningStateController::saveLog()	16	static
../Core/Src/RunningStateController.cpp:549:6:void RunningStateController::startVelocityUpdate()	16	static
../Core/Src/RunningStateController.cpp:560:6:void RunningStateController::stopVelocityUpdate()	16	static
../Core/Src/RunningStateController.cpp:565:6:void RunningStateController::createVelocityTable()	72	static
../Core/Src/RunningStateController.cpp:612:7:float RunningStateController::radius2Velocity(float)	32	static
../Core/Src/RunningStateController.cpp:689:6:void RunningStateController::decelerateProcessing(float, const float*)	48	static
../Core/Src/RunningStateController.cpp:704:6:void RunningStateController::accelerateProcessing(float, const float*)	48	static
../Core/Src/RunningStateController.cpp:719:6:void RunningStateController::addDecelerationDistanceMergin(float*, int16_t)	40	static
../Core/Src/RunningStateController.cpp:742:6:void RunningStateController::addAccelerationDistanceMergin(float*, int16_t)	40	static
../Core/Src/RunningStateController.cpp:765:6:void RunningStateController::shiftVelocityTable(float*, int16_t)	32	static
../Core/Src/RunningStateController.cpp:778:6:void RunningStateController::updateTargetVelocity()	24	static
../Core/Src/RunningStateController.cpp:814:6:void RunningStateController::correctionTotalDistanceFromCrossLine()	32	static
../Core/Src/RunningStateController.cpp:834:6:void RunningStateController::correctionTotalDistanceFromSideLine()	32	static
../Core/Src/RunningStateController.cpp:855:6:void RunningStateController::setMaxVelocity(float)	16	static
../Core/Src/RunningStateController.cpp:860:6:void RunningStateController::setMinVelocity(float)	16	static
../Core/Src/RunningStateController.cpp:864:6:void RunningStateController::setAccDec(float, float)	24	static
../Core/Src/RunningStateController.cpp:870:6:void RunningStateController::setStraightRadius(float)	16	static
../Core/Src/RunningStateController.cpp:875:6:void RunningStateController::loadSearchinRunLog()	16	static
