Archive member included to satisfy reference by file (symbol)

c:/st/stm32cubeide_1.11.2/stm32cubeide/plugins/com.st.stm32cube.ide.mcu.externaltools.gnu-tools-for-stm32.10.3-2021.10.win32_1.0.100.202210260954/tools/bin/../lib/gcc/arm-none-eabi/10.3.1/../../../../arm-none-eabi/lib/thumb/v7e-m+fp/hard\libc_nano.a(lib_a-errno.o)
                              ./Core/Src/syscalls.o (__errno)
c:/st/stm32cubeide_1.11.2/stm32cubeide/plugins/com.st.stm32cube.ide.mcu.externaltools.gnu-tools-for-stm32.10.3-2021.10.win32_1.0.100.202210260954/tools/bin/../lib/gcc/arm-none-eabi/10.3.1/../../../../arm-none-eabi/lib/thumb/v7e-m+fp/hard\libc_nano.a(lib_a-exit.o)
                              c:/st/stm32cubeide_1.11.2/stm32cubeide/plugins/com.st.stm32cube.ide.mcu.externaltools.gnu-tools-for-stm32.10.3-2021.10.win32_1.0.100.202210260954/tools/bin/../lib/gcc/arm-none-eabi/10.3.1/../../../../arm-none-eabi/lib/thumb/v7e-m+fp/hard/crt0.o (exit)
c:/st/stm32cubeide_1.11.2/stm32cubeide/plugins/com.st.stm32cube.ide.mcu.externaltools.gnu-tools-for-stm32.10.3-2021.10.win32_1.0.100.202210260954/tools/bin/../lib/gcc/arm-none-eabi/10.3.1/../../../../arm-none-eabi/lib/thumb/v7e-m+fp/hard\libc_nano.a(lib_a-impure.o)
                              c:/st/stm32cubeide_1.11.2/stm32cubeide/plugins/com.st.stm32cube.ide.mcu.externaltools.gnu-tools-for-stm32.10.3-2021.10.win32_1.0.100.202210260954/tools/bin/../lib/gcc/arm-none-eabi/10.3.1/../../../../arm-none-eabi/lib/thumb/v7e-m+fp/hard\libc_nano.a(lib_a-exit.o) (_global_impure_ptr)
c:/st/stm32cubeide_1.11.2/stm32cubeide/plugins/com.st.stm32cube.ide.mcu.externaltools.gnu-tools-for-stm32.10.3-2021.10.win32_1.0.100.202210260954/tools/bin/../lib/gcc/arm-none-eabi/10.3.1/../../../../arm-none-eabi/lib/thumb/v7e-m+fp/hard\libc_nano.a(lib_a-init.o)
                              c:/st/stm32cubeide_1.11.2/stm32cubeide/plugins/com.st.stm32cube.ide.mcu.externaltools.gnu-tools-for-stm32.10.3-2021.10.win32_1.0.100.202210260954/tools/bin/../lib/gcc/arm-none-eabi/10.3.1/../../../../arm-none-eabi/lib/thumb/v7e-m+fp/hard/crt0.o (__libc_init_array)
c:/st/stm32cubeide_1.11.2/stm32cubeide/plugins/com.st.stm32cube.ide.mcu.externaltools.gnu-tools-for-stm32.10.3-2021.10.win32_1.0.100.202210260954/tools/bin/../lib/gcc/arm-none-eabi/10.3.1/../../../../arm-none-eabi/lib/thumb/v7e-m+fp/hard\libc_nano.a(lib_a-memset.o)
                              c:/st/stm32cubeide_1.11.2/stm32cubeide/plugins/com.st.stm32cube.ide.mcu.externaltools.gnu-tools-for-stm32.10.3-2021.10.win32_1.0.100.202210260954/tools/bin/../lib/gcc/arm-none-eabi/10.3.1/../../../../arm-none-eabi/lib/thumb/v7e-m+fp/hard/crt0.o (memset)
c:/st/stm32cubeide_1.11.2/stm32cubeide/plugins/com.st.stm32cube.ide.mcu.externaltools.gnu-tools-for-stm32.10.3-2021.10.win32_1.0.100.202210260954/tools/bin/../lib/gcc/arm-none-eabi/10.3.1/thumb/v7e-m+fp/hard\libgcc.a(_aeabi_uldivmod.o)
                              ./Drivers/STM32F4xx_HAL_Driver/Src/stm32f4xx_hal_rcc.o (__aeabi_uldivmod)
c:/st/stm32cubeide_1.11.2/stm32cubeide/plugins/com.st.stm32cube.ide.mcu.externaltools.gnu-tools-for-stm32.10.3-2021.10.win32_1.0.100.202210260954/tools/bin/../lib/gcc/arm-none-eabi/10.3.1/thumb/v7e-m+fp/hard\libgcc.a(_udivmoddi4.o)
                              c:/st/stm32cubeide_1.11.2/stm32cubeide/plugins/com.st.stm32cube.ide.mcu.externaltools.gnu-tools-for-stm32.10.3-2021.10.win32_1.0.100.202210260954/tools/bin/../lib/gcc/arm-none-eabi/10.3.1/thumb/v7e-m+fp/hard\libgcc.a(_aeabi_uldivmod.o) (__udivmoddi4)
c:/st/stm32cubeide_1.11.2/stm32cubeide/plugins/com.st.stm32cube.ide.mcu.externaltools.gnu-tools-for-stm32.10.3-2021.10.win32_1.0.100.202210260954/tools/bin/../lib/gcc/arm-none-eabi/10.3.1/thumb/v7e-m+fp/hard\libgcc.a(_dvmd_tls.o)
                              c:/st/stm32cubeide_1.11.2/stm32cubeide/plugins/com.st.stm32cube.ide.mcu.externaltools.gnu-tools-for-stm32.10.3-2021.10.win32_1.0.100.202210260954/tools/bin/../lib/gcc/arm-none-eabi/10.3.1/thumb/v7e-m+fp/hard\libgcc.a(_aeabi_uldivmod.o) (__aeabi_ldiv0)

Discarded input sections

 .text          0x0000000000000000        0x0 c:/st/stm32cubeide_1.11.2/stm32cubeide/plugins/com.st.stm32cube.ide.mcu.externaltools.gnu-tools-for-stm32.10.3-2021.10.win32_1.0.100.202210260954/tools/bin/../lib/gcc/arm-none-eabi/10.3.1/thumb/v7e-m+fp/hard/crti.o
 .data          0x0000000000000000        0x0 c:/st/stm32cubeide_1.11.2/stm32cubeide/plugins/com.st.stm32cube.ide.mcu.externaltools.gnu-tools-for-stm32.10.3-2021.10.win32_1.0.100.202210260954/tools/bin/../lib/gcc/arm-none-eabi/10.3.1/thumb/v7e-m+fp/hard/crti.o
 .bss           0x0000000000000000        0x0 c:/st/stm32cubeide_1.11.2/stm32cubeide/plugins/com.st.stm32cube.ide.mcu.externaltools.gnu-tools-for-stm32.10.3-2021.10.win32_1.0.100.202210260954/tools/bin/../lib/gcc/arm-none-eabi/10.3.1/thumb/v7e-m+fp/hard/crti.o
[...]
Memory Configuration

Name             Origin             Length             Attributes
CCMRAM           0x0000000010000000 0x0000000000010000 xrw
RAM              0x0000000020000000 0x0000000000020000 xrw
FLASH            0x0000000008000000 0x0000000000100000 xr
*default*        0x0000000000000000 0xffffffffffffffff

Linker script and memory map

LOAD c:/st/stm32cubeide_1.11.2/stm32cubeide/plugins/com.st.stm32cube.ide.mcu.externaltools.gnu-tools-for-stm32.10.3-2021.10.win32_1.0.100.202210260954/tools/bin/../lib/gcc/arm-none-eabi/10.3.1/thumb/v7e-m+fp/hard/crti.o
LOAD c:/st/stm32cubeide_1.11.2/stm32cubeide/plugins/com.st.stm32cube.ide.mcu.externaltools.gnu-tools-for-stm32.10.3-2021.10.win32_1.0.100.202210260954/tools/bin/../lib/gcc/arm-none-eabi/10.3.1/thumb/v7e-m+fp/hard/crtbegin.o
LOAD c:/st/stm32cubeide_1.11.2/stm32cubeide/plugins/com.st.stm32cube.ide.mcu.externaltools.gnu-tools-for-stm32.10.3-2021.10.win32_1.0.100.202210260954/tools/bin/../lib/gcc/arm-none-eabi/10.3.1/../../../../arm-none-eabi/lib/thumb/v7e-m+fp/hard/crt0.o
LOAD ./Core/Src/main.o
LOAD ./Core/Src/stm32f4xx_hal_msp.o
LOAD ./Core/Src/stm32f4xx_it.o
LOAD ./Core/Src/syscalls.o
LOAD ./Core/Src/sysmem.o
LOAD ./Core/Src/system_stm32f4xx.o
LOAD ./Core/Startup/startup_stm32f405rgtx.o
LOAD ./Drivers/STM32F4xx_HAL_Driver/Src/stm32f4xx_hal.o
LOAD ./Drivers/STM32F4xx_HAL_Driver/Src/stm32f4xx_hal_adc.o
LOAD ./Drivers/STM32F4xx_HAL_Driver/Src/stm32f4xx_hal_adc_ex.o
LOAD ./Drivers/STM32F4xx_HAL_Driver/Src/stm32f4xx_hal_cortex.o
LOAD ./Drivers/STM32F4xx_HAL_Driver/Src/stm32f4xx_hal_dma.o
LOAD ./Drivers/STM32F4xx_HAL_Driver/Src/stm32f4xx_hal_dma_ex.o
LOAD ./Drivers/STM32F4xx_HAL_Driver/Src/stm32f4xx_hal_exti.o
LOAD ./Drivers/STM32F4xx_HAL_Driver/Src/stm32f4xx_hal_flash.o
LOAD ./Drivers/STM32F4xx_HAL_Driver/Src/stm32f4xx_hal_flash_ex.o
LOAD ./Drivers/STM32F4xx_HAL_Driver/Src/stm32f4xx_hal_flash_ramfunc.o
LOAD ./Drivers/STM32F4xx_HAL_Driver/Src/stm32f4xx_hal_gpio.o
LOAD ./Drivers/STM32F4xx_HAL_Driver/Src/stm32f4xx_hal_i2c.o
LOAD ./Drivers/STM32F4xx_HAL_Driver/Src/stm32f4xx_hal_i2c_ex.o
LOAD ./Drivers/STM32F4xx_HAL_Driver/Src/stm32f4xx_hal_pwr.o
LOAD ./Drivers/STM32F4xx_HAL_Driver/Src/stm32f4xx_hal_pwr_ex.o
LOAD ./Drivers/STM32F4xx_HAL_Driver/Src/stm32f4xx_hal_rcc.o
LOAD ./Drivers/STM32F4xx_HAL_Driver/Src/stm32f4xx_hal_rcc_ex.o
LOAD ./Drivers/STM32F4xx_HAL_Driver/Src/stm32f4xx_hal_sd.o
LOAD ./Drivers/STM32F4xx_HAL_Driver/Src/stm32f4xx_hal_spi.o
LOAD ./Drivers/STM32F4xx_HAL_Driver/Src/stm32f4xx_hal_tim.o
LOAD ./Drivers/STM32F4xx_HAL_Driver/Src/stm32f4xx_hal_tim_ex.o
LOAD ./Drivers/STM32F4xx_HAL_Driver/Src/stm32f4xx_hal_uart.o
LOAD ./Drivers/STM32F4xx_HAL_Driver/Src/stm32f4xx_ll_adc.o
LOAD ./Drivers/STM32F4xx_HAL_Driver/Src/stm32f4xx_ll_sdmmc.o
LOAD ./FATFS/App/fatfs.o
LOAD ./FATFS/Target/bsp_driver_sd.o
LOAD ./FATFS/Target/fatfs_platform.o
LOAD ./FATFS/Target/sd_diskio.o
LOAD ./Middlewares/Third_Party/FatFs/src/diskio.o
LOAD ./Middlewares/Third_Party/FatFs/src/ff.o
LOAD ./Middlewares/Third_Party/FatFs/src/ff_gen_drv.o
LOAD ./Middlewares/Third_Party/FatFs/src/option/syscall.o
START GROUP
LOAD c:/st/stm32cubeide_1.11.2/stm32cubeide/plugins/com.st.stm32cube.ide.mcu.externaltools.gnu-tools-for-stm32.10.3-2021.10.win32_1.0.100.202210260954/tools/bin/../lib/gcc/arm-none-eabi/10.3.1/../../../../arm-none-eabi/lib/thumb/v7e-m+fp/hard\libstdc++_nano.a
LOAD c:/st/stm32cubeide_1.11.2/stm32cubeide/plugins/com.st.stm32cube.ide.mcu.externaltools.gnu-tools-for-stm32.10.3-2021.10.win32_1.0.100.202210260954/tools/bin/../lib/gcc/arm-none-eabi/10.3.1/../../../../arm-none-eabi/lib/thumb/v7e-m+fp/hard\libsupc++_nano.a
END GROUP
LOAD c:/st/stm32cubeide_1.11.2/stm32cubeide/plugins/com.st.stm32cube.ide.mcu.externaltools.gnu-tools-for-stm32.10.3-2021.10.win32_1.0.100.202210260954/tools/bin/../lib/gcc/arm-none-eabi/10.3.1/../../../../arm-none-eabi/lib/thumb/v7e-m+fp/hard\libstdc++_nano.a
LOAD c:/st/stm32cubeide_1.11.2/stm32cubeide/plugins/com.st.stm32cube.ide.mcu.externaltools.gnu-tools-for-stm32.10.3-2021.10.win32_1.0.100.202210260954/tools/bin/../lib/gcc/arm-none-eabi/10.3.1/../../../../arm-none-eabi/lib/thumb/v7e-m+fp/hard\libm.a
LOAD c:/st/stm32cubeide_1.11.2/stm32cubeide/plugins/com.st.stm32cube.ide.mcu.externaltools.gnu-tools-for-stm32.10.3-2021.10.win32_1.0.100.202210260954/tools/bin/../lib/gcc/arm-none-eabi/10.3.1/../../../../arm-none-eabi/lib/thumb/v7e-m+fp/hard\libc_nano.a
START GROUP
LOAD c:/st/stm32cubeide_1.11.2/stm32cubeide/plugins/com.st.stm32cube.ide.mcu.externaltools.gnu-tools-for-stm32.10.3-2021.10.win32_1.0.100.202210260954/tools/bin/../lib/gcc/arm-none-eabi/10.3.1/thumb/v7e-m+fp/hard\libgcc.a
LOAD c:/st/stm32cubeide_1.11.2/stm32cubeide/plugins/com.st.stm32cube.ide.mcu.externaltools.gnu-tools-for-stm32.10.3-2021.10.win32_1.0.100.202210260954/tools/bin/../lib/gcc/arm-none-eabi/10.3.1/../../../../arm-none-eabi/lib/thumb/v7e-m+fp/hard\libc_nano.a
END GROUP
START GROUP
LOAD c:/st/stm32cubeide_1.11.2/stm32cubeide/plugins/com.st.stm32cube.ide.mcu.externaltools.gnu-tools-for-stm32.10.3-2021.10.win32_1.0.100.202210260954/tools/bin/../lib/gcc/arm-none-eabi/10.3.1/thumb/v7e-m+fp/hard\libgcc.a
LOAD c:/st/stm32cubeide_1.11.2/stm32cubeide/plugins/com.st.stm32cube.ide.mcu.externaltools.gnu-tools-for-stm32.10.3-2021.10.win32_1.0.100.202210260954/tools/bin/../lib/gcc/arm-none-eabi/10.3.1/../../../../arm-none-eabi/lib/thumb/v7e-m+fp/hard\libc_nano.a
LOAD c:/st/stm32cubeide_1.11.2/stm32cubeide/plugins/com.st.stm32cube.ide.mcu.externaltools.gnu-tools-for-stm32.10.3-2021.10.win32_1.0.100.202210260954/tools/bin/../lib/gcc/arm-none-eabi/10.3.1/../../../../arm-none-eabi/lib/thumb/v7e-m+fp/hard\libnosys.a
END GROUP
START GROUP
LOAD c:/st/stm32cubeide_1.11.2/stm32cubeide/plugins/com.st.stm32cube.ide.mcu.externaltools.gnu-tools-for-stm32.10.3-2021.10.win32_1.0.100.202210260954/tools/bin/../lib/gcc/arm-none-eabi/10.3.1/thumb/v7e-m+fp/hard\libgcc.a
LOAD c:/st/stm32cubeide_1.11.2/stm32cubeide/plugins/com.st.stm32cube.ide.mcu.externaltools.gnu-tools-for-stm32.10.3-2021.10.win32_1.0.100.202210260954/tools/bin/../lib/gcc/arm-none-eabi/10.3.1/../../../../arm-none-eabi/lib/thumb/v7e-m+fp/hard\libc_nano.a
LOAD c:/st/stm32cubeide_1.11.2/stm32cubeide/plugins/com.st.stm32cube.ide.mcu.externaltools.gnu-tools-for-stm32.10.3-2021.10.win32_1.0.100.202210260954/tools/bin/../lib/gcc/arm-none-eabi/10.3.1/../../../../arm-none-eabi/lib/thumb/v7e-m+fp/hard\libnosys.a
END GROUP
LOAD c:/st/stm32cubeide_1.11.2/stm32cubeide/plugins/com.st.stm32cube.ide.mcu.externaltools.gnu-tools-for-stm32.10.3-2021.10.win32_1.0.100.202210260954/tools/bin/../lib/gcc/arm-none-eabi/10.3.1/thumb/v7e-m+fp/hard/crtend.o
LOAD c:/st/stm32cubeide_1.11.2/stm32cubeide/plugins/com.st.stm32cube.ide.mcu.externaltools.gnu-tools-for-stm32.10.3-2021.10.win32_1.0.100.202210260954/tools/bin/../lib/gcc/arm-none-eabi/10.3.1/thumb/v7e-m+fp/hard/crtn.o
                0x0000000020020000                _estack = (ORIGIN (RAM) + LENGTH (RAM))
                0x0000000000000200                _Min_Heap_Size = 0x200
                0x0000000000000400                _Min_Stack_Size = 0x400

.isr_vector     0x0000000008000000      0x188
                0x0000000008000000                . = ALIGN (0x4)
 *(.isr_vector)
 .isr_vector    0x0000000008000000      0x188 ./Core/Startup/startup_stm32f405rgtx.o
                0x0000000008000000                g_pfnVectors
                0x0000000008000188                . = ALIGN (0x4)

.text           0x0000000008000188     0x6314
                0x0000000008000188                . = ALIGN (0x4)
 *(.text)
 .text          0x0000000008000188       0x40 c:/st/stm32cubeide_1.11.2/stm32cubeide/plugins/com.st.stm32cube.ide.mcu.externaltools.gnu-tools-for-stm32.10.3-2021.10.win32_1.0.100.202210260954/tools/bin/../lib/gcc/arm-none-eabi/10.3.1/thumb/v7e-m+fp/hard/crtbegin.o
 .text          0x00000000080001c8       0x30 c:/st/stm32cubeide_1.11.2/stm32cubeide/plugins/com.st.stm32cube.ide.mcu.externaltools.gnu-tools-for-stm32.10.3-2021.10.win32_1.0.100.202210260954/tools/bin/../lib/gcc/arm-none-eabi/10.3.1/thumb/v7e-m+fp/hard\libgcc.a(_aeabi_uldivmod.o)
                0x00000000080001c8                __aeabi_uldivmod
 .text          0x00000000080001f8      0x2d0 c:/st/stm32cubeide_1.11.2/stm32cubeide/plugins/com.st.stm32cube.ide.mcu.externaltools.gnu-tools-for-stm32.10.3-2021.10.win32_1.0.100.202210260954/tools/bin/../lib/gcc/arm-none-eabi/10.3.1/thumb/v7e-m+fp/hard\libgcc.a(_udivmoddi4.o)
                0x00000000080001f8                __udivmoddi4
 .text          0x00000000080004c8        0x4 c:/st/stm32cubeide_1.11.2/stm32cubeide/plugins/com.st.stm32cube.ide.mcu.externaltools.gnu-tools-for-stm32.10.3-2021.10.win32_1.0.100.202210260954/tools/bin/../lib/gcc/arm-none-eabi/10.3.1/thumb/v7e-m+fp/hard\libgcc.a(_dvmd_tls.o)
                0x00000000080004c8                __aeabi_idiv0
                0x00000000080004c8                __aeabi_ldiv0
 *(.text*)
 .text.HAL_TIM_PeriodElapsedCallback
                0x00000000080004cc       0x74 ./Core/Src/main.o
                0x00000000080004cc                HAL_TIM_PeriodElapsedCallback
 .text.main     0x0000000008000540       0xe8 ./Core/Src/main.o
                0x0000000008000540                main
 .text.SystemClock_Config
                0x0000000008000628       0xd4 ./Core/Src/main.o
                0x0000000008000628                SystemClock_Config
 .text.MX_ADC1_Init
                0x00000000080006fc       0xa4 ./Core/Src/main.o
 .text.MX_I2C1_Init
                0x00000000080007a0       0x5c ./Core/Src/main.o
 .text.MX_I2C2_Init
                0x00000000080007fc       0x5c ./Core/Src/main.o
 .text.MX_SDIO_SD_Init
                0x0000000008000858       0x40 ./Core/Src/main.o
 .text.MX_SPI2_Init
                0x0000000008000898       0x6c ./Core/Src/main.o
 .text.MX_TIM1_Init
                0x0000000008000904      0x120 ./Core/Src/main.o
 .text.MX_TIM3_Init
                0x0000000008000a24       0xa8 ./Core/Src/main.o
 .text.MX_TIM4_Init
                0x0000000008000acc       0xa8 ./Core/Src/main.o
 .text.MX_TIM6_Init
                0x0000000008000b74       0x6c ./Core/Src/main.o
 .text.MX_TIM7_Init
                0x0000000008000be0       0x68 ./Core/Src/main.o
 .text.MX_TIM8_Init
                0x0000000008000c48      0x104 ./Core/Src/main.o
 .text.MX_TIM10_Init
                0x0000000008000d4c       0x48 ./Core/Src/main.o
 .text.MX_TIM11_Init
                0x0000000008000d94       0x48 ./Core/Src/main.o
 .text.MX_TIM12_Init
                0x0000000008000ddc       0xa0 ./Core/Src/main.o
 .text.MX_TIM13_Init
                0x0000000008000e7c       0x48 ./Core/Src/main.o
 .text.MX_TIM14_Init
                0x0000000008000ec4       0x48 ./Core/Src/main.o
 .text.MX_USART3_UART_Init
                0x0000000008000f0c       0x54 ./Core/Src/main.o
 .text.MX_GPIO_Init
                0x0000000008000f60      0x184 ./Core/Src/main.o
 .text.Error_Handler
                0x00000000080010e4        0xa ./Core/Src/main.o
                0x00000000080010e4                Error_Handler
 *fill*         0x00000000080010ee        0x2 
 .text.HAL_MspInit
                0x00000000080010f0       0x50 ./Core/Src/stm32f4xx_hal_msp.o
                0x00000000080010f0                HAL_MspInit
 .text.HAL_ADC_MspInit
                0x0000000008001140       0x88 ./Core/Src/stm32f4xx_hal_msp.o
                0x0000000008001140                HAL_ADC_MspInit
 .text.HAL_I2C_MspInit
                0x00000000080011c8       0xfc ./Core/Src/stm32f4xx_hal_msp.o
                0x00000000080011c8                HAL_I2C_MspInit
 .text.HAL_SD_MspInit
                0x00000000080012c4       0xd0 ./Core/Src/stm32f4xx_hal_msp.o
                0x00000000080012c4                HAL_SD_MspInit
 .text.HAL_SPI_MspInit
                0x0000000008001394       0xd0 ./Core/Src/stm32f4xx_hal_msp.o
                0x0000000008001394                HAL_SPI_MspInit
 .text.HAL_TIM_PWM_MspInit
                0x0000000008001464       0x9c ./Core/Src/stm32f4xx_hal_msp.o
                0x0000000008001464                HAL_TIM_PWM_MspInit
 .text.HAL_TIM_Encoder_MspInit
                0x0000000008001500       0xfc ./Core/Src/stm32f4xx_hal_msp.o
                0x0000000008001500                HAL_TIM_Encoder_MspInit
 .text.HAL_TIM_Base_MspInit
                0x00000000080015fc      0x13c ./Core/Src/stm32f4xx_hal_msp.o
                0x00000000080015fc                HAL_TIM_Base_MspInit
 .text.HAL_TIM_MspPostInit
                0x0000000008001738      0x118 ./Core/Src/stm32f4xx_hal_msp.o
                0x0000000008001738                HAL_TIM_MspPostInit
 .text.HAL_UART_MspInit
                0x0000000008001850       0x90 ./Core/Src/stm32f4xx_hal_msp.o
                0x0000000008001850                HAL_UART_MspInit
 .text.NMI_Handler
                0x00000000080018e0        0x6 ./Core/Src/stm32f4xx_it.o
                0x00000000080018e0                NMI_Handler
 .text.HardFault_Handler
                0x00000000080018e6        0x6 ./Core/Src/stm32f4xx_it.o
                0x00000000080018e6                HardFault_Handler
 .text.MemManage_Handler
                0x00000000080018ec        0x6 ./Core/Src/stm32f4xx_it.o
                0x00000000080018ec                MemManage_Handler
 .text.BusFault_Handler
                0x00000000080018f2        0x6 ./Core/Src/stm32f4xx_it.o
                0x00000000080018f2                BusFault_Handler
 .text.UsageFault_Handler
                0x00000000080018f8        0x6 ./Core/Src/stm32f4xx_it.o
                0x00000000080018f8                UsageFault_Handler
 .text.SVC_Handler
                0x00000000080018fe        0xe ./Core/Src/stm32f4xx_it.o
                0x00000000080018fe                SVC_Handler
 .text.DebugMon_Handler
                0x000000000800190c        0xe ./Core/Src/stm32f4xx_it.o
                0x000000000800190c                DebugMon_Handler
 .text.PendSV_Handler
                0x000000000800191a        0xe ./Core/Src/stm32f4xx_it.o
                0x000000000800191a                PendSV_Handler
 .text.SysTick_Handler
                0x0000000008001928        0xc ./Core/Src/stm32f4xx_it.o
                0x0000000008001928                SysTick_Handler
 .text.TIM6_DAC_IRQHandler
                0x0000000008001934       0x14 ./Core/Src/stm32f4xx_it.o
                0x0000000008001934                TIM6_DAC_IRQHandler
 .text.TIM7_IRQHandler
                0x0000000008001948       0x14 ./Core/Src/stm32f4xx_it.o
                0x0000000008001948                TIM7_IRQHandler
 .text.SystemInit
                0x000000000800195c       0x24 ./Core/Src/system_stm32f4xx.o
                0x000000000800195c                SystemInit
 .text.Reset_Handler
                0x0000000008001980       0x50 ./Core/Startup/startup_stm32f405rgtx.o
                0x0000000008001980                Reset_Handler
 .text.Default_Handler
                0x00000000080019d0        0x2 ./Core/Startup/startup_stm32f405rgtx.o
                0x00000000080019d0                RTC_Alarm_IRQHandler
                0x00000000080019d0                HASH_RNG_IRQHandler
                0x00000000080019d0                EXTI2_IRQHandler
                0x00000000080019d0                TIM8_CC_IRQHandler
                0x00000000080019d0                TIM1_CC_IRQHandler
                0x00000000080019d0                DMA2_Stream5_IRQHandler
                0x00000000080019d0                DMA1_Stream5_IRQHandler
                0x00000000080019d0                PVD_IRQHandler
                0x00000000080019d0                SDIO_IRQHandler
                0x00000000080019d0                TAMP_STAMP_IRQHandler
                0x00000000080019d0                CAN2_RX1_IRQHandler
                0x00000000080019d0                EXTI3_IRQHandler
                0x00000000080019d0                TIM8_TRG_COM_TIM14_IRQHandler
                0x00000000080019d0                TIM1_UP_TIM10_IRQHandler
                0x00000000080019d0                TIM8_UP_TIM13_IRQHandler
                0x00000000080019d0                I2C3_ER_IRQHandler
                0x00000000080019d0                EXTI0_IRQHandler
                0x00000000080019d0                I2C2_EV_IRQHandler
                0x00000000080019d0                DMA1_Stream2_IRQHandler
                0x00000000080019d0                CAN1_RX0_IRQHandler
                0x00000000080019d0                FPU_IRQHandler
                0x00000000080019d0                OTG_HS_WKUP_IRQHandler
                0x00000000080019d0                CAN2_SCE_IRQHandler
                0x00000000080019d0                DMA2_Stream2_IRQHandler
                0x00000000080019d0                SPI1_IRQHandler
                0x00000000080019d0                TIM1_BRK_TIM9_IRQHandler
                0x00000000080019d0                CAN2_RX0_IRQHandler
                0x00000000080019d0                DMA2_Stream3_IRQHandler
                0x00000000080019d0                USART6_IRQHandler
                0x00000000080019d0                USART3_IRQHandler
                0x00000000080019d0                CAN1_RX1_IRQHandler
                0x00000000080019d0                UART5_IRQHandler
                0x00000000080019d0                DMA2_Stream0_IRQHandler
                0x00000000080019d0                TIM4_IRQHandler
                0x00000000080019d0                I2C1_EV_IRQHandler
                0x00000000080019d0                DMA1_Stream6_IRQHandler
                0x00000000080019d0                DMA1_Stream1_IRQHandler
                0x00000000080019d0                UART4_IRQHandler
                0x00000000080019d0                TIM3_IRQHandler
                0x00000000080019d0                RCC_IRQHandler
                0x00000000080019d0                TIM8_BRK_TIM12_IRQHandler
                0x00000000080019d0                Default_Handler
                0x00000000080019d0                EXTI15_10_IRQHandler
                0x00000000080019d0                ADC_IRQHandler
                0x00000000080019d0                DMA1_Stream7_IRQHandler
                0x00000000080019d0                CAN2_TX_IRQHandler
                0x00000000080019d0                TIM5_IRQHandler
                0x00000000080019d0                DMA2_Stream7_IRQHandler
                0x00000000080019d0                I2C3_EV_IRQHandler
                0x00000000080019d0                EXTI9_5_IRQHandler
                0x00000000080019d0                RTC_WKUP_IRQHandler
                0x00000000080019d0                SPI2_IRQHandler
                0x00000000080019d0                OTG_HS_EP1_IN_IRQHandler
                0x00000000080019d0                DMA1_Stream0_IRQHandler
                0x00000000080019d0                CAN1_TX_IRQHandler
                0x00000000080019d0                EXTI4_IRQHandler
                0x00000000080019d0                FSMC_IRQHandler
                0x00000000080019d0                OTG_HS_EP1_OUT_IRQHandler
                0x00000000080019d0                WWDG_IRQHandler
                0x00000000080019d0                TIM2_IRQHandler
                0x00000000080019d0                OTG_FS_WKUP_IRQHandler
                0x00000000080019d0                TIM1_TRG_COM_TIM11_IRQHandler
                0x00000000080019d0                OTG_HS_IRQHandler
                0x00000000080019d0                EXTI1_IRQHandler
                0x00000000080019d0                USART2_IRQHandler
                0x00000000080019d0                I2C2_ER_IRQHandler
                0x00000000080019d0                DMA2_Stream1_IRQHandler
                0x00000000080019d0                CAN1_SCE_IRQHandler
                0x00000000080019d0                FLASH_IRQHandler
                0x00000000080019d0                DMA2_Stream4_IRQHandler
                0x00000000080019d0                USART1_IRQHandler
                0x00000000080019d0                OTG_FS_IRQHandler
                0x00000000080019d0                SPI3_IRQHandler
                0x00000000080019d0                DMA1_Stream4_IRQHandler
                0x00000000080019d0                I2C1_ER_IRQHandler
                0x00000000080019d0                DMA2_Stream6_IRQHandler
                0x00000000080019d0                DMA1_Stream3_IRQHandler
 *fill*         0x00000000080019d2        0x2 
 .text.HAL_Init
                0x00000000080019d4       0x44 ./Drivers/STM32F4xx_HAL_Driver/Src/stm32f4xx_hal.o
                0x00000000080019d4                HAL_Init
 .text.HAL_InitTick
                0x0000000008001a18       0x60 ./Drivers/STM32F4xx_HAL_Driver/Src/stm32f4xx_hal.o
                0x0000000008001a18                HAL_InitTick
 .text.HAL_IncTick
                0x0000000008001a78       0x28 ./Drivers/STM32F4xx_HAL_Driver/Src/stm32f4xx_hal.o
                0x0000000008001a78                HAL_IncTick
 .text.HAL_GetTick
                0x0000000008001aa0       0x18 ./Drivers/STM32F4xx_HAL_Driver/Src/stm32f4xx_hal.o
                0x0000000008001aa0                HAL_GetTick
 .text.HAL_Delay
                0x0000000008001ab8       0x48 ./Drivers/STM32F4xx_HAL_Driver/Src/stm32f4xx_hal.o
                0x0000000008001ab8                HAL_Delay
 .text.HAL_ADC_Init
                0x0000000008001b00       0x86 ./Drivers/STM32F4xx_HAL_Driver/Src/stm32f4xx_hal_adc.o
                0x0000000008001b00                HAL_ADC_Init
 *fill*         0x0000000008001b86        0x2 
 .text.HAL_ADC_ConfigChannel
                0x0000000008001b88      0x244 ./Drivers/STM32F4xx_HAL_Driver/Src/stm32f4xx_hal_adc.o
                0x0000000008001b88                HAL_ADC_ConfigChannel
 .text.ADC_Init
                0x0000000008001dcc      0x1f8 ./Drivers/STM32F4xx_HAL_Driver/Src/stm32f4xx_hal_adc.o
 .text.__NVIC_SetPriorityGrouping
                0x0000000008001fc4       0x48 ./Drivers/STM32F4xx_HAL_Driver/Src/stm32f4xx_hal_cortex.o
 .text.__NVIC_GetPriorityGrouping
                0x000000000800200c       0x1c ./Drivers/STM32F4xx_HAL_Driver/Src/stm32f4xx_hal_cortex.o
 .text.__NVIC_EnableIRQ
                0x0000000008002028       0x3c ./Drivers/STM32F4xx_HAL_Driver/Src/stm32f4xx_hal_cortex.o
 .text.__NVIC_SetPriority
                0x0000000008002064       0x54 ./Drivers/STM32F4xx_HAL_Driver/Src/stm32f4xx_hal_cortex.o
 .text.NVIC_EncodePriority
                0x00000000080020b8       0x66 ./Drivers/STM32F4xx_HAL_Driver/Src/stm32f4xx_hal_cortex.o
 *fill*         0x000000000800211e        0x2 
 .text.SysTick_Config
                0x0000000008002120       0x44 ./Drivers/STM32F4xx_HAL_Driver/Src/stm32f4xx_hal_cortex.o
 .text.HAL_NVIC_SetPriorityGrouping
                0x0000000008002164       0x16 ./Drivers/STM32F4xx_HAL_Driver/Src/stm32f4xx_hal_cortex.o
                0x0000000008002164                HAL_NVIC_SetPriorityGrouping
 .text.HAL_NVIC_SetPriority
                0x000000000800217a       0x38 ./Drivers/STM32F4xx_HAL_Driver/Src/stm32f4xx_hal_cortex.o
                0x000000000800217a                HAL_NVIC_SetPriority
 .text.HAL_NVIC_EnableIRQ
                0x00000000080021b2       0x1c ./Drivers/STM32F4xx_HAL_Driver/Src/stm32f4xx_hal_cortex.o
                0x00000000080021b2                HAL_NVIC_EnableIRQ
 .text.HAL_SYSTICK_Config
                0x00000000080021ce       0x18 ./Drivers/STM32F4xx_HAL_Driver/Src/stm32f4xx_hal_cortex.o
                0x00000000080021ce                HAL_SYSTICK_Config
 *fill*         0x00000000080021e6        0x2 
 .text.HAL_GPIO_Init
                0x00000000080021e8      0x338 ./Drivers/STM32F4xx_HAL_Driver/Src/stm32f4xx_hal_gpio.o
                0x00000000080021e8                HAL_GPIO_Init
 .text.HAL_GPIO_ReadPin
                0x0000000008002520       0x30 ./Drivers/STM32F4xx_HAL_Driver/Src/stm32f4xx_hal_gpio.o
                0x0000000008002520                HAL_GPIO_ReadPin
 .text.HAL_GPIO_WritePin
                0x0000000008002550       0x32 ./Drivers/STM32F4xx_HAL_Driver/Src/stm32f4xx_hal_gpio.o
                0x0000000008002550                HAL_GPIO_WritePin
 *fill*         0x0000000008002582        0x2 
 .text.HAL_I2C_Init
                0x0000000008002584      0x288 ./Drivers/STM32F4xx_HAL_Driver/Src/stm32f4xx_hal_i2c.o
                0x0000000008002584                HAL_I2C_Init
 .text.HAL_RCC_OscConfig
                0x000000000800280c      0x4f0 ./Drivers/STM32F4xx_HAL_Driver/Src/stm32f4xx_hal_rcc.o
                0x000000000800280c                HAL_RCC_OscConfig
 .text.HAL_RCC_ClockConfig
                0x0000000008002cfc      0x1cc ./Drivers/STM32F4xx_HAL_Driver/Src/stm32f4xx_hal_rcc.o
                0x0000000008002cfc                HAL_RCC_ClockConfig
 .text.HAL_RCC_GetSysClockFreq
                0x0000000008002ec8      0x18c ./Drivers/STM32F4xx_HAL_Driver/Src/stm32f4xx_hal_rcc.o
                0x0000000008002ec8                HAL_RCC_GetSysClockFreq
 .text.HAL_RCC_GetHCLKFreq
                0x0000000008003054       0x18 ./Drivers/STM32F4xx_HAL_Driver/Src/stm32f4xx_hal_rcc.o
                0x0000000008003054                HAL_RCC_GetHCLKFreq
 .text.HAL_RCC_GetPCLK1Freq
                0x000000000800306c       0x28 ./Drivers/STM32F4xx_HAL_Driver/Src/stm32f4xx_hal_rcc.o
                0x000000000800306c                HAL_RCC_GetPCLK1Freq
 .text.HAL_RCC_GetPCLK2Freq
                0x0000000008003094       0x28 ./Drivers/STM32F4xx_HAL_Driver/Src/stm32f4xx_hal_rcc.o
                0x0000000008003094                HAL_RCC_GetPCLK2Freq
 .text.HAL_SD_Init
                0x00000000080030bc       0x60 ./Drivers/STM32F4xx_HAL_Driver/Src/stm32f4xx_hal_sd.o
                0x00000000080030bc                HAL_SD_Init
 .text.HAL_SD_InitCard
                0x000000000800311c      0x100 ./Drivers/STM32F4xx_HAL_Driver/Src/stm32f4xx_hal_sd.o
                0x000000000800311c                HAL_SD_InitCard
 .text.HAL_SD_ReadBlocks
                0x000000000800321c      0x3bc ./Drivers/STM32F4xx_HAL_Driver/Src/stm32f4xx_hal_sd.o
                0x000000000800321c                HAL_SD_ReadBlocks
 .text.HAL_SD_WriteBlocks
                0x00000000080035d8      0x30c ./Drivers/STM32F4xx_HAL_Driver/Src/stm32f4xx_hal_sd.o
                0x00000000080035d8                HAL_SD_WriteBlocks
 .text.HAL_SD_GetCardCSD
                0x00000000080038e4      0x348 ./Drivers/STM32F4xx_HAL_Driver/Src/stm32f4xx_hal_sd.o
                0x00000000080038e4                HAL_SD_GetCardCSD
 .text.HAL_SD_GetCardInfo
                0x0000000008003c2c       0x58 ./Drivers/STM32F4xx_HAL_Driver/Src/stm32f4xx_hal_sd.o
                0x0000000008003c2c                HAL_SD_GetCardInfo
 .text.HAL_SD_GetCardState
                0x0000000008003c84       0x40 ./Drivers/STM32F4xx_HAL_Driver/Src/stm32f4xx_hal_sd.o
                0x0000000008003c84                HAL_SD_GetCardState
 .text.SD_InitCard
                0x0000000008003cc4      0x19c ./Drivers/STM32F4xx_HAL_Driver/Src/stm32f4xx_hal_sd.o
 .text.SD_PowerON
                0x0000000008003e60      0x11c ./Drivers/STM32F4xx_HAL_Driver/Src/stm32f4xx_hal_sd.o
 .text.SD_SendStatus
                0x0000000008003f7c       0x50 ./Drivers/STM32F4xx_HAL_Driver/Src/stm32f4xx_hal_sd.o
 .text.HAL_SPI_Init
                0x0000000008003fcc      0x112 ./Drivers/STM32F4xx_HAL_Driver/Src/stm32f4xx_hal_spi.o
                0x0000000008003fcc                HAL_SPI_Init
 .text.HAL_TIM_Base_Init
                0x00000000080040de       0x9e ./Drivers/STM32F4xx_HAL_Driver/Src/stm32f4xx_hal_tim.o
                0x00000000080040de                HAL_TIM_Base_Init
 .text.HAL_TIM_Base_Start_IT
                0x000000000800417c       0xe0 ./Drivers/STM32F4xx_HAL_Driver/Src/stm32f4xx_hal_tim.o
                0x000000000800417c                HAL_TIM_Base_Start_IT
 .text.HAL_TIM_PWM_Init
                0x000000000800425c       0x9e ./Drivers/STM32F4xx_HAL_Driver/Src/stm32f4xx_hal_tim.o
                0x000000000800425c                HAL_TIM_PWM_Init
 *fill*         0x00000000080042fa        0x2 
 .text.HAL_TIM_PWM_Start
                0x00000000080042fc      0x190 ./Drivers/STM32F4xx_HAL_Driver/Src/stm32f4xx_hal_tim.o
                0x00000000080042fc                HAL_TIM_PWM_Start
 .text.HAL_TIM_Encoder_Init
                0x000000000800448c      0x14c ./Drivers/STM32F4xx_HAL_Driver/Src/stm32f4xx_hal_tim.o
                0x000000000800448c                HAL_TIM_Encoder_Init
 .text.HAL_TIM_IRQHandler
                0x00000000080045d8      0x210 ./Drivers/STM32F4xx_HAL_Driver/Src/stm32f4xx_hal_tim.o
                0x00000000080045d8                HAL_TIM_IRQHandler
 .text.HAL_TIM_PWM_ConfigChannel
                0x00000000080047e8      0x184 ./Drivers/STM32F4xx_HAL_Driver/Src/stm32f4xx_hal_tim.o
                0x00000000080047e8                HAL_TIM_PWM_ConfigChannel
 .text.HAL_TIM_OC_DelayElapsedCallback
                0x000000000800496c       0x14 ./Drivers/STM32F4xx_HAL_Driver/Src/stm32f4xx_hal_tim.o
                0x000000000800496c                HAL_TIM_OC_DelayElapsedCallback
 .text.HAL_TIM_IC_CaptureCallback
                0x0000000008004980       0x14 ./Drivers/STM32F4xx_HAL_Driver/Src/stm32f4xx_hal_tim.o
                0x0000000008004980                HAL_TIM_IC_CaptureCallback
 .text.HAL_TIM_PWM_PulseFinishedCallback
                0x0000000008004994       0x14 ./Drivers/STM32F4xx_HAL_Driver/Src/stm32f4xx_hal_tim.o
                0x0000000008004994                HAL_TIM_PWM_PulseFinishedCallback
 .text.HAL_TIM_TriggerCallback
                0x00000000080049a8       0x14 ./Drivers/STM32F4xx_HAL_Driver/Src/stm32f4xx_hal_tim.o
                0x00000000080049a8                HAL_TIM_TriggerCallback
 .text.TIM_Base_SetConfig
                0x00000000080049bc      0x140 ./Drivers/STM32F4xx_HAL_Driver/Src/stm32f4xx_hal_tim.o
                0x00000000080049bc                TIM_Base_SetConfig
 .text.TIM_OC1_SetConfig
                0x0000000008004afc       0xe0 ./Drivers/STM32F4xx_HAL_Driver/Src/stm32f4xx_hal_tim.o
 .text.TIM_OC2_SetConfig
                0x0000000008004bdc       0xec ./Drivers/STM32F4xx_HAL_Driver/Src/stm32f4xx_hal_tim.o
                0x0000000008004bdc                TIM_OC2_SetConfig
 .text.TIM_OC3_SetConfig
                0x0000000008004cc8       0xe8 ./Drivers/STM32F4xx_HAL_Driver/Src/stm32f4xx_hal_tim.o
 .text.TIM_OC4_SetConfig
                0x0000000008004db0       0xac ./Drivers/STM32F4xx_HAL_Driver/Src/stm32f4xx_hal_tim.o
 .text.TIM_CCxChannelCmd
                0x0000000008004e5c       0x4a ./Drivers/STM32F4xx_HAL_Driver/Src/stm32f4xx_hal_tim.o
                0x0000000008004e5c                TIM_CCxChannelCmd
 *fill*         0x0000000008004ea6        0x2 
 .text.HAL_TIMEx_MasterConfigSynchronization
                0x0000000008004ea8       0xf8 ./Drivers/STM32F4xx_HAL_Driver/Src/stm32f4xx_hal_tim_ex.o
                0x0000000008004ea8                HAL_TIMEx_MasterConfigSynchronization
 .text.HAL_TIMEx_ConfigBreakDeadTime
                0x0000000008004fa0       0xa4 ./Drivers/STM32F4xx_HAL_Driver/Src/stm32f4xx_hal_tim_ex.o
                0x0000000008004fa0                HAL_TIMEx_ConfigBreakDeadTime
 .text.HAL_TIMEx_CommutCallback
                0x0000000008005044       0x14 ./Drivers/STM32F4xx_HAL_Driver/Src/stm32f4xx_hal_tim_ex.o
                0x0000000008005044                HAL_TIMEx_CommutCallback
 .text.HAL_TIMEx_BreakCallback
                0x0000000008005058       0x14 ./Drivers/STM32F4xx_HAL_Driver/Src/stm32f4xx_hal_tim_ex.o
                0x0000000008005058                HAL_TIMEx_BreakCallback
 .text.HAL_UART_Init
                0x000000000800506c       0x9a ./Drivers/STM32F4xx_HAL_Driver/Src/stm32f4xx_hal_uart.o
                0x000000000800506c                HAL_UART_Init
 *fill*         0x0000000008005106        0x2 
 .text.UART_SetConfig
                0x0000000008005108      0x4e8 ./Drivers/STM32F4xx_HAL_Driver/Src/stm32f4xx_hal_uart.o
 .text.SDIO_Init
                0x00000000080055f0       0x56 ./Drivers/STM32F4xx_HAL_Driver/Src/stm32f4xx_ll_sdmmc.o
                0x00000000080055f0                SDIO_Init
 .text.SDIO_ReadFIFO
                0x0000000008005646       0x1a ./Drivers/STM32F4xx_HAL_Driver/Src/stm32f4xx_ll_sdmmc.o
                0x0000000008005646                SDIO_ReadFIFO
 .text.SDIO_WriteFIFO
                0x0000000008005660       0x22 ./Drivers/STM32F4xx_HAL_Driver/Src/stm32f4xx_ll_sdmmc.o
                0x0000000008005660                SDIO_WriteFIFO
 .text.SDIO_PowerState_ON
                0x0000000008005682       0x1c ./Drivers/STM32F4xx_HAL_Driver/Src/stm32f4xx_ll_sdmmc.o
                0x0000000008005682                SDIO_PowerState_ON
 .text.SDIO_GetPowerState
                0x000000000800569e       0x1c ./Drivers/STM32F4xx_HAL_Driver/Src/stm32f4xx_ll_sdmmc.o
                0x000000000800569e                SDIO_GetPowerState
 .text.SDIO_SendCommand
                0x00000000080056ba       0x54 ./Drivers/STM32F4xx_HAL_Driver/Src/stm32f4xx_ll_sdmmc.o
                0x00000000080056ba                SDIO_SendCommand
 .text.SDIO_GetCommandResponse
                0x000000000800570e       0x1a ./Drivers/STM32F4xx_HAL_Driver/Src/stm32f4xx_ll_sdmmc.o
                0x000000000800570e                SDIO_GetCommandResponse
 .text.SDIO_GetResponse
                0x0000000008005728       0x26 ./Drivers/STM32F4xx_HAL_Driver/Src/stm32f4xx_ll_sdmmc.o
                0x0000000008005728                SDIO_GetResponse
 .text.SDIO_ConfigData
                0x000000000800574e       0x58 ./Drivers/STM32F4xx_HAL_Driver/Src/stm32f4xx_ll_sdmmc.o
                0x000000000800574e                SDIO_ConfigData
 .text.SDMMC_CmdBlockLength
                0x00000000080057a6       0x44 ./Drivers/STM32F4xx_HAL_Driver/Src/stm32f4xx_ll_sdmmc.o
                0x00000000080057a6                SDMMC_CmdBlockLength
 .text.SDMMC_CmdReadSingleBlock
                0x00000000080057ea       0x44 ./Drivers/STM32F4xx_HAL_Driver/Src/stm32f4xx_ll_sdmmc.o
                0x00000000080057ea                SDMMC_CmdReadSingleBlock
 .text.SDMMC_CmdReadMultiBlock
                0x000000000800582e       0x44 ./Drivers/STM32F4xx_HAL_Driver/Src/stm32f4xx_ll_sdmmc.o
                0x000000000800582e                SDMMC_CmdReadMultiBlock
 .text.SDMMC_CmdWriteSingleBlock
                0x0000000008005872       0x44 ./Drivers/STM32F4xx_HAL_Driver/Src/stm32f4xx_ll_sdmmc.o
                0x0000000008005872                SDMMC_CmdWriteSingleBlock
 .text.SDMMC_CmdWriteMultiBlock
                0x00000000080058b6       0x44 ./Drivers/STM32F4xx_HAL_Driver/Src/stm32f4xx_ll_sdmmc.o
                0x00000000080058b6                SDMMC_CmdWriteMultiBlock
 *fill*         0x00000000080058fa        0x2 
 .text.SDMMC_CmdStopTransfer
                0x00000000080058fc       0x44 ./Drivers/STM32F4xx_HAL_Driver/Src/stm32f4xx_ll_sdmmc.o
                0x00000000080058fc                SDMMC_CmdStopTransfer
 .text.SDMMC_CmdSelDesel
                0x0000000008005940       0x46 ./Drivers/STM32F4xx_HAL_Driver/Src/stm32f4xx_ll_sdmmc.o
                0x0000000008005940                SDMMC_CmdSelDesel
 .text.SDMMC_CmdGoIdleState
                0x0000000008005986       0x3c ./Drivers/STM32F4xx_HAL_Driver/Src/stm32f4xx_ll_sdmmc.o
                0x0000000008005986                SDMMC_CmdGoIdleState
 .text.SDMMC_CmdOperCond
                0x00000000080059c2       0x3e ./Drivers/STM32F4xx_HAL_Driver/Src/stm32f4xx_ll_sdmmc.o
                0x00000000080059c2                SDMMC_CmdOperCond
 .text.SDMMC_CmdAppCommand
                0x0000000008005a00       0x44 ./Drivers/STM32F4xx_HAL_Driver/Src/stm32f4xx_ll_sdmmc.o
                0x0000000008005a00                SDMMC_CmdAppCommand
 .text.SDMMC_CmdAppOperCommand
                0x0000000008005a44       0x46 ./Drivers/STM32F4xx_HAL_Driver/Src/stm32f4xx_ll_sdmmc.o
                0x0000000008005a44                SDMMC_CmdAppOperCommand
 .text.SDMMC_CmdSendCID
                0x0000000008005a8a       0x3c ./Drivers/STM32F4xx_HAL_Driver/Src/stm32f4xx_ll_sdmmc.o
                0x0000000008005a8a                SDMMC_CmdSendCID
 .text.SDMMC_CmdSendCSD
                0x0000000008005ac6       0x3e ./Drivers/STM32F4xx_HAL_Driver/Src/stm32f4xx_ll_sdmmc.o
                0x0000000008005ac6                SDMMC_CmdSendCSD
 .text.SDMMC_CmdSetRelAdd
                0x0000000008005b04       0x42 ./Drivers/STM32F4xx_HAL_Driver/Src/stm32f4xx_ll_sdmmc.o
                0x0000000008005b04                SDMMC_CmdSetRelAdd
 .text.SDMMC_CmdSendStatus
                0x0000000008005b46       0x44 ./Drivers/STM32F4xx_HAL_Driver/Src/stm32f4xx_ll_sdmmc.o
                0x0000000008005b46                SDMMC_CmdSendStatus
 *fill*         0x0000000008005b8a        0x2 
 .text.SDMMC_GetCmdResp1
                0x0000000008005b8c      0x1dc ./Drivers/STM32F4xx_HAL_Driver/Src/stm32f4xx_ll_sdmmc.o
                0x0000000008005b8c                SDMMC_GetCmdResp1
 .text.SDMMC_GetCmdResp2
                0x0000000008005d68       0x90 ./Drivers/STM32F4xx_HAL_Driver/Src/stm32f4xx_ll_sdmmc.o
                0x0000000008005d68                SDMMC_GetCmdResp2
 .text.SDMMC_GetCmdResp3
                0x0000000008005df8       0x7c ./Drivers/STM32F4xx_HAL_Driver/Src/stm32f4xx_ll_sdmmc.o
                0x0000000008005df8                SDMMC_GetCmdResp3
 .text.SDMMC_GetCmdResp6
                0x0000000008005e74       0xec ./Drivers/STM32F4xx_HAL_Driver/Src/stm32f4xx_ll_sdmmc.o
                0x0000000008005e74                SDMMC_GetCmdResp6
 .text.SDMMC_GetCmdResp7
                0x0000000008005f60       0x9c ./Drivers/STM32F4xx_HAL_Driver/Src/stm32f4xx_ll_sdmmc.o
                0x0000000008005f60                SDMMC_GetCmdResp7
 .text.SDMMC_GetCmdError
                0x0000000008005ffc       0x58 ./Drivers/STM32F4xx_HAL_Driver/Src/stm32f4xx_ll_sdmmc.o
 .text.MX_FATFS_Init
                0x0000000008006054       0x24 ./FATFS/App/fatfs.o
                0x0000000008006054                MX_FATFS_Init
 .text.BSP_SD_Init
                0x0000000008006078       0x30 ./FATFS/Target/bsp_driver_sd.o
                0x0000000008006078                BSP_SD_Init
 .text.BSP_SD_ReadBlocks
                0x00000000080060a8       0x3c ./FATFS/Target/bsp_driver_sd.o
                0x00000000080060a8                BSP_SD_ReadBlocks
 .text.BSP_SD_WriteBlocks
                0x00000000080060e4       0x3c ./FATFS/Target/bsp_driver_sd.o
                0x00000000080060e4                BSP_SD_WriteBlocks
 .text.BSP_SD_GetCardState
                0x0000000008006120       0x20 ./FATFS/Target/bsp_driver_sd.o
                0x0000000008006120                BSP_SD_GetCardState
 .text.BSP_SD_GetCardInfo
                0x0000000008006140       0x1c ./FATFS/Target/bsp_driver_sd.o
                0x0000000008006140                BSP_SD_GetCardInfo
 .text.BSP_SD_IsDetected
                0x000000000800615c       0x24 ./FATFS/Target/bsp_driver_sd.o
                0x000000000800615c                BSP_SD_IsDetected
 .text.BSP_PlatformIsDetected
                0x0000000008006180       0x2c ./FATFS/Target/fatfs_platform.o
                0x0000000008006180                BSP_PlatformIsDetected
 .text.SD_CheckStatus
                0x00000000080061ac       0x3c ./FATFS/Target/sd_diskio.o
 .text.SD_initialize
                0x00000000080061e8       0x3c ./FATFS/Target/sd_diskio.o
                0x00000000080061e8                SD_initialize
 .text.SD_status
                0x0000000008006224       0x1c ./FATFS/Target/sd_diskio.o
                0x0000000008006224                SD_status
 .text.SD_read  0x0000000008006240       0x42 ./FATFS/Target/sd_diskio.o
                0x0000000008006240                SD_read
 .text.SD_write
                0x0000000008006282       0x42 ./FATFS/Target/sd_diskio.o
                0x0000000008006282                SD_write
 .text.SD_ioctl
                0x00000000080062c4       0xb0 ./FATFS/Target/sd_diskio.o
                0x00000000080062c4                SD_ioctl
 .text.FATFS_LinkDriverEx
                0x0000000008006374       0x98 ./Middlewares/Third_Party/FatFs/src/ff_gen_drv.o
                0x0000000008006374                FATFS_LinkDriverEx
 .text.FATFS_LinkDriver
                0x000000000800640c       0x1e ./Middlewares/Third_Party/FatFs/src/ff_gen_drv.o
                0x000000000800640c                FATFS_LinkDriver
 *fill*         0x000000000800642a        0x2 
 .text.__libc_init_array
                0x000000000800642c       0x48 c:/st/stm32cubeide_1.11.2/stm32cubeide/plugins/com.st.stm32cube.ide.mcu.externaltools.gnu-tools-for-stm32.10.3-2021.10.win32_1.0.100.202210260954/tools/bin/../lib/gcc/arm-none-eabi/10.3.1/../../../../arm-none-eabi/lib/thumb/v7e-m+fp/hard\libc_nano.a(lib_a-init.o)
                0x000000000800642c                __libc_init_array
 .text.memset   0x0000000008006474       0x10 c:/st/stm32cubeide_1.11.2/stm32cubeide/plugins/com.st.stm32cube.ide.mcu.externaltools.gnu-tools-for-stm32.10.3-2021.10.win32_1.0.100.202210260954/tools/bin/../lib/gcc/arm-none-eabi/10.3.1/../../../../arm-none-eabi/lib/thumb/v7e-m+fp/hard\libc_nano.a(lib_a-memset.o)
                0x0000000008006474                memset
 *(.glue_7)
 .glue_7        0x0000000008006484        0x0 linker stubs
 *(.glue_7t)
 .glue_7t       0x0000000008006484        0x0 linker stubs
 *(.eh_frame)
 .eh_frame      0x0000000008006484        0x0 c:/st/stm32cubeide_1.11.2/stm32cubeide/plugins/com.st.stm32cube.ide.mcu.externaltools.gnu-tools-for-stm32.10.3-2021.10.win32_1.0.100.202210260954/tools/bin/../lib/gcc/arm-none-eabi/10.3.1/thumb/v7e-m+fp/hard/crtbegin.o
 *(.init)
 .init          0x0000000008006484        0x4 c:/st/stm32cubeide_1.11.2/stm32cubeide/plugins/com.st.stm32cube.ide.mcu.externaltools.gnu-tools-for-stm32.10.3-2021.10.win32_1.0.100.202210260954/tools/bin/../lib/gcc/arm-none-eabi/10.3.1/thumb/v7e-m+fp/hard/crti.o
                0x0000000008006484                _init
 .init          0x0000000008006488        0x8 c:/st/stm32cubeide_1.11.2/stm32cubeide/plugins/com.st.stm32cube.ide.mcu.externaltools.gnu-tools-for-stm32.10.3-2021.10.win32_1.0.100.202210260954/tools/bin/../lib/gcc/arm-none-eabi/10.3.1/thumb/v7e-m+fp/hard/crtn.o
 *(.fini)
 .fini          0x0000000008006490        0x4 c:/st/stm32cubeide_1.11.2/stm32cubeide/plugins/com.st.stm32cube.ide.mcu.externaltools.gnu-tools-for-stm32.10.3-2021.10.win32_1.0.100.202210260954/tools/bin/../lib/gcc/arm-none-eabi/10.3.1/thumb/v7e-m+fp/hard/crti.o
                0x0000000008006490                _fini
 .fini          0x0000000008006494        0x8 c:/st/stm32cubeide_1.11.2/stm32cubeide/plugins/com.st.stm32cube.ide.mcu.externaltools.gnu-tools-for-stm32.10.3-2021.10.win32_1.0.100.202210260954/tools/bin/../lib/gcc/arm-none-eabi/10.3.1/thumb/v7e-m+fp/hard/crtn.o
                0x000000000800649c                . = ALIGN (0x4)
                0x000000000800649c                _etext = .

.vfp11_veneer   0x000000000800649c        0x0
 .vfp11_veneer  0x000000000800649c        0x0 linker stubs

.v4_bx          0x000000000800649c        0x0
 .v4_bx         0x000000000800649c        0x0 linker stubs

.iplt           0x000000000800649c        0x0
 .iplt          0x000000000800649c        0x0 c:/st/stm32cubeide_1.11.2/stm32cubeide/plugins/com.st.stm32cube.ide.mcu.externaltools.gnu-tools-for-stm32.10.3-2021.10.win32_1.0.100.202210260954/tools/bin/../lib/gcc/arm-none-eabi/10.3.1/thumb/v7e-m+fp/hard/crtbegin.o

.rodata         0x000000000800649c       0x2c
                0x000000000800649c                . = ALIGN (0x4)
 *(.rodata)
 *(.rodata*)
 .rodata.AHBPrescTable
                0x000000000800649c       0x10 ./Core/Src/system_stm32f4xx.o
                0x000000000800649c                AHBPrescTable
 .rodata.APBPrescTable
                0x00000000080064ac        0x8 ./Core/Src/system_stm32f4xx.o
                0x00000000080064ac                APBPrescTable
 .rodata.SD_Driver
                0x00000000080064b4       0x14 ./FATFS/Target/sd_diskio.o
                0x00000000080064b4                SD_Driver
                0x00000000080064c8                . = ALIGN (0x4)

.ARM.extab      0x00000000080064c8        0x0
                0x00000000080064c8                . = ALIGN (0x4)
 *(.ARM.extab* .gnu.linkonce.armextab.*)
                0x00000000080064c8                . = ALIGN (0x4)

.ARM            0x00000000080064c8        0x8
                0x00000000080064c8                . = ALIGN (0x4)
                0x00000000080064c8                __exidx_start = .
 *(.ARM.exidx*)
 .ARM.exidx     0x00000000080064c8        0x8 c:/st/stm32cubeide_1.11.2/stm32cubeide/plugins/com.st.stm32cube.ide.mcu.externaltools.gnu-tools-for-stm32.10.3-2021.10.win32_1.0.100.202210260954/tools/bin/../lib/gcc/arm-none-eabi/10.3.1/thumb/v7e-m+fp/hard\libgcc.a(_udivmoddi4.o)
                0x00000000080064d0                __exidx_end = .
                0x00000000080064d0                . = ALIGN (0x4)

.rel.dyn        0x00000000080064d0        0x0
 .rel.iplt      0x00000000080064d0        0x0 c:/st/stm32cubeide_1.11.2/stm32cubeide/plugins/com.st.stm32cube.ide.mcu.externaltools.gnu-tools-for-stm32.10.3-2021.10.win32_1.0.100.202210260954/tools/bin/../lib/gcc/arm-none-eabi/10.3.1/thumb/v7e-m+fp/hard/crtbegin.o

.preinit_array  0x00000000080064d0        0x0
                0x00000000080064d0                . = ALIGN (0x4)
                0x00000000080064d0                PROVIDE (__preinit_array_start = .)
 *(.preinit_array*)
                0x00000000080064d0                PROVIDE (__preinit_array_end = .)
                0x00000000080064d0                . = ALIGN (0x4)

.init_array     0x00000000080064d0        0x4
                0x00000000080064d0                . = ALIGN (0x4)
                0x00000000080064d0                PROVIDE (__init_array_start = .)
 *(SORT_BY_NAME(.init_array.*))
 *(.init_array*)
 .init_array    0x00000000080064d0        0x4 c:/st/stm32cubeide_1.11.2/stm32cubeide/plugins/com.st.stm32cube.ide.mcu.externaltools.gnu-tools-for-stm32.10.3-2021.10.win32_1.0.100.202210260954/tools/bin/../lib/gcc/arm-none-eabi/10.3.1/thumb/v7e-m+fp/hard/crtbegin.o
                0x00000000080064d4                PROVIDE (__init_array_end = .)
                0x00000000080064d4                . = ALIGN (0x4)

.fini_array     0x00000000080064d4        0x4
                0x00000000080064d4                . = ALIGN (0x4)
                [!provide]                        PROVIDE (__fini_array_start = .)
 *(SORT_BY_NAME(.fini_array.*))
 *(.fini_array*)
 .fini_array    0x00000000080064d4        0x4 c:/st/stm32cubeide_1.11.2/stm32cubeide/plugins/com.st.stm32cube.ide.mcu.externaltools.gnu-tools-for-stm32.10.3-2021.10.win32_1.0.100.202210260954/tools/bin/../lib/gcc/arm-none-eabi/10.3.1/thumb/v7e-m+fp/hard/crtbegin.o
                [!provide]                        PROVIDE (__fini_array_end = .)
                0x00000000080064d8                . = ALIGN (0x4)
                0x00000000080064d8                _sidata = LOADADDR (.data)

.data           0x0000000020000000        0xc load address 0x00000000080064d8
                0x0000000020000000                . = ALIGN (0x4)
                0x0000000020000000                _sdata = .
 *(.data)
 *(.data*)
 .data.SystemCoreClock
                0x0000000020000000        0x4 ./Core/Src/system_stm32f4xx.o
                0x0000000020000000                SystemCoreClock
 .data.uwTickPrio
                0x0000000020000004        0x4 ./Drivers/STM32F4xx_HAL_Driver/Src/stm32f4xx_hal.o
                0x0000000020000004                uwTickPrio
 .data.uwTickFreq
                0x0000000020000008        0x1 ./Drivers/STM32F4xx_HAL_Driver/Src/stm32f4xx_hal.o
                0x0000000020000008                uwTickFreq
 .data.Stat     0x0000000020000009        0x1 ./FATFS/Target/sd_diskio.o
 *(.RamFunc)
 *(.RamFunc*)
                0x000000002000000c                . = ALIGN (0x4)
 *fill*         0x000000002000000a        0x2 
                0x000000002000000c                _edata = .
                0x00000000080064e4                _siccmram = LOADADDR (.ccmram)

.igot.plt       0x000000002000000c        0x0 load address 0x00000000080064e4
 .igot.plt      0x000000002000000c        0x0 c:/st/stm32cubeide_1.11.2/stm32cubeide/plugins/com.st.stm32cube.ide.mcu.externaltools.gnu-tools-for-stm32.10.3-2021.10.win32_1.0.100.202210260954/tools/bin/../lib/gcc/arm-none-eabi/10.3.1/thumb/v7e-m+fp/hard/crtbegin.o

.ccmram         0x0000000010000000        0x0 load address 0x00000000080064e4
                0x0000000010000000                . = ALIGN (0x4)
                0x0000000010000000                _sccmram = .
 *(.ccmram)
 *(.ccmram*)
                0x0000000010000000                . = ALIGN (0x4)
                0x0000000010000000                _eccmram = .
                0x0000000010000000                . = ALIGN (0x4)

.bss            0x000000002000000c      0x564
                0x000000002000000c                _sbss = .
                0x000000002000000c                __bss_start__ = _sbss
 *(.bss)
 .bss           0x000000002000000c       0x1c c:/st/stm32cubeide_1.11.2/stm32cubeide/plugins/com.st.stm32cube.ide.mcu.externaltools.gnu-tools-for-stm32.10.3-2021.10.win32_1.0.100.202210260954/tools/bin/../lib/gcc/arm-none-eabi/10.3.1/thumb/v7e-m+fp/hard/crtbegin.o
 *(.bss*)
 .bss.hadc1     0x0000000020000028       0x48 ./Core/Src/main.o
                0x0000000020000028                hadc1
 .bss.hi2c1     0x0000000020000070       0x54 ./Core/Src/main.o
                0x0000000020000070                hi2c1
 .bss.hi2c2     0x00000000200000c4       0x54 ./Core/Src/main.o
                0x00000000200000c4                hi2c2
 .bss.hsd       0x0000000020000118       0x84 ./Core/Src/main.o
                0x0000000020000118                hsd
 .bss.hspi2     0x000000002000019c       0x58 ./Core/Src/main.o
                0x000000002000019c                hspi2
 .bss.htim1     0x00000000200001f4       0x48 ./Core/Src/main.o
                0x00000000200001f4                htim1
 .bss.htim3     0x000000002000023c       0x48 ./Core/Src/main.o
                0x000000002000023c                htim3
 .bss.htim4     0x0000000020000284       0x48 ./Core/Src/main.o
                0x0000000020000284                htim4
 .bss.htim6     0x00000000200002cc       0x48 ./Core/Src/main.o
                0x00000000200002cc                htim6
 .bss.htim7     0x0000000020000314       0x48 ./Core/Src/main.o
                0x0000000020000314                htim7
 .bss.htim8     0x000000002000035c       0x48 ./Core/Src/main.o
                0x000000002000035c                htim8
 .bss.htim10    0x00000000200003a4       0x48 ./Core/Src/main.o
                0x00000000200003a4                htim10
 .bss.htim11    0x00000000200003ec       0x48 ./Core/Src/main.o
                0x00000000200003ec                htim11
 .bss.htim12    0x0000000020000434       0x48 ./Core/Src/main.o
                0x0000000020000434                htim12
 .bss.htim13    0x000000002000047c       0x48 ./Core/Src/main.o
                0x000000002000047c                htim13
 .bss.htim14    0x00000000200004c4       0x48 ./Core/Src/main.o
                0x00000000200004c4                htim14
 .bss.huart3    0x000000002000050c       0x44 ./Core/Src/main.o
                0x000000002000050c                huart3
 .bss.tim6_cnt  0x0000000020000550        0x2 ./Core/Src/main.o
                0x0000000020000550                tim6_cnt
 .bss.tim7_cnt  0x0000000020000552        0x2 ./Core/Src/main.o
                0x0000000020000552                tim7_cnt
 .bss.mon_i     0x0000000020000554        0x2 ./Core/Src/main.o
                0x0000000020000554                mon_i
 *fill*         0x0000000020000556        0x2 
 .bss.uwTick    0x0000000020000558        0x4 ./Drivers/STM32F4xx_HAL_Driver/Src/stm32f4xx_hal.o
                0x0000000020000558                uwTick
 .bss.retSD     0x000000002000055c        0x1 ./FATFS/App/fatfs.o
                0x000000002000055c                retSD
 *fill*         0x000000002000055d        0x3 
 .bss.SDPath    0x0000000020000560        0x4 ./FATFS/App/fatfs.o
                0x0000000020000560                SDPath
 .bss.disk      0x0000000020000564        0xc ./Middlewares/Third_Party/FatFs/src/ff_gen_drv.o
                0x0000000020000564                disk
 *(COMMON)
                0x0000000020000570                . = ALIGN (0x4)
                0x0000000020000570                _ebss = .
                0x0000000020000570                __bss_end__ = _ebss

._user_heap_stack
                0x0000000020000570      0x600
                0x0000000020000570                . = ALIGN (0x8)
                [!provide]                        PROVIDE (end = .)
                0x0000000020000570                PROVIDE (_end = .)
                0x0000000020000770                . = (. + _Min_Heap_Size)
 *fill*         0x0000000020000570      0x200 
                0x0000000020000b70                . = (. + _Min_Stack_Size)
 *fill*         0x0000000020000770      0x400 
                0x0000000020000b70                . = ALIGN (0x8)

/DISCARD/
 libc.a(*)
 libm.a(*)
 libgcc.a(*)

.ARM.attributes
                0x0000000000000000       0x30
 *(.ARM.attributes)
 .ARM.attributes
                0x0000000000000000       0x1e c:/st/stm32cubeide_1.11.2/stm32cubeide/plugins/com.st.stm32cube.ide.mcu.externaltools.gnu-tools-for-stm32.10.3-2021.10.win32_1.0.100.202210260954/tools/bin/../lib/gcc/arm-none-eabi/10.3.1/thumb/v7e-m+fp/hard/crti.o
 .ARM.attributes
                0x000000000000001e       0x34 c:/st/stm32cubeide_1.11.2/stm32cubeide/plugins/com.st.stm32cube.ide.mcu.externaltools.gnu-tools-for-stm32.10.3-2021.10.win32_1.0.100.202210260954/tools/bin/../lib/gcc/arm-none-eabi/10.3.1/thumb/v7e-m+fp/hard/crtbegin.o
 .ARM.attributes
                0x0000000000000052       0x34 ./Core/Src/main.o
 .ARM.attributes
                0x0000000000000086       0x34 ./Core/Src/stm32f4xx_hal_msp.o
 .ARM.attributes
                0x00000000000000ba       0x34 ./Core/Src/stm32f4xx_it.o
 .ARM.attributes
                0x00000000000000ee       0x34 ./Core/Src/system_stm32f4xx.o
 .ARM.attributes
                0x0000000000000122       0x21 ./Core/Startup/startup_stm32f405rgtx.o
 .ARM.attributes
                0x0000000000000143       0x34 ./Drivers/STM32F4xx_HAL_Driver/Src/stm32f4xx_hal.o
 .ARM.attributes
                0x0000000000000177       0x34 ./Drivers/STM32F4xx_HAL_Driver/Src/stm32f4xx_hal_adc.o
 .ARM.attributes
                0x00000000000001ab       0x34 ./Drivers/STM32F4xx_HAL_Driver/Src/stm32f4xx_hal_cortex.o
 .ARM.attributes
                0x00000000000001df       0x34 ./Drivers/STM32F4xx_HAL_Driver/Src/stm32f4xx_hal_gpio.o
 .ARM.attributes
                0x0000000000000213       0x34 ./Drivers/STM32F4xx_HAL_Driver/Src/stm32f4xx_hal_i2c.o
 .ARM.attributes
                0x0000000000000247       0x34 ./Drivers/STM32F4xx_HAL_Driver/Src/stm32f4xx_hal_rcc.o
 .ARM.attributes
                0x000000000000027b       0x34 ./Drivers/STM32F4xx_HAL_Driver/Src/stm32f4xx_hal_sd.o
 .ARM.attributes
                0x00000000000002af       0x34 ./Drivers/STM32F4xx_HAL_Driver/Src/stm32f4xx_hal_spi.o
 .ARM.attributes
                0x00000000000002e3       0x34 ./Drivers/STM32F4xx_HAL_Driver/Src/stm32f4xx_hal_tim.o
 .ARM.attributes
                0x0000000000000317       0x34 ./Drivers/STM32F4xx_HAL_Driver/Src/stm32f4xx_hal_tim_ex.o
 .ARM.attributes
                0x000000000000034b       0x34 ./Drivers/STM32F4xx_HAL_Driver/Src/stm32f4xx_hal_uart.o
 .ARM.attributes
                0x000000000000037f       0x34 ./Drivers/STM32F4xx_HAL_Driver/Src/stm32f4xx_ll_sdmmc.o
 .ARM.attributes
                0x00000000000003b3       0x34 ./FATFS/App/fatfs.o
 .ARM.attributes
                0x00000000000003e7       0x34 ./FATFS/Target/bsp_driver_sd.o
 .ARM.attributes
                0x000000000000041b       0x34 ./FATFS/Target/fatfs_platform.o
 .ARM.attributes
                0x000000000000044f       0x34 ./FATFS/Target/sd_diskio.o
 .ARM.attributes
                0x0000000000000483       0x34 ./Middlewares/Third_Party/FatFs/src/ff_gen_drv.o
 .ARM.attributes
                0x00000000000004b7       0x34 c:/st/stm32cubeide_1.11.2/stm32cubeide/plugins/com.st.stm32cube.ide.mcu.externaltools.gnu-tools-for-stm32.10.3-2021.10.win32_1.0.100.202210260954/tools/bin/../lib/gcc/arm-none-eabi/10.3.1/../../../../arm-none-eabi/lib/thumb/v7e-m+fp/hard\libc_nano.a(lib_a-init.o)
 .ARM.attributes
                0x00000000000004eb       0x34 c:/st/stm32cubeide_1.11.2/stm32cubeide/plugins/com.st.stm32cube.ide.mcu.externaltools.gnu-tools-for-stm32.10.3-2021.10.win32_1.0.100.202210260954/tools/bin/../lib/gcc/arm-none-eabi/10.3.1/../../../../arm-none-eabi/lib/thumb/v7e-m+fp/hard\libc_nano.a(lib_a-memset.o)
 .ARM.attributes
                0x000000000000051f       0x1e c:/st/stm32cubeide_1.11.2/stm32cubeide/plugins/com.st.stm32cube.ide.mcu.externaltools.gnu-tools-for-stm32.10.3-2021.10.win32_1.0.100.202210260954/tools/bin/../lib/gcc/arm-none-eabi/10.3.1/thumb/v7e-m+fp/hard\libgcc.a(_aeabi_uldivmod.o)
 .ARM.attributes
                0x000000000000053d       0x34 c:/st/stm32cubeide_1.11.2/stm32cubeide/plugins/com.st.stm32cube.ide.mcu.externaltools.gnu-tools-for-stm32.10.3-2021.10.win32_1.0.100.202210260954/tools/bin/../lib/gcc/arm-none-eabi/10.3.1/thumb/v7e-m+fp/hard\libgcc.a(_udivmoddi4.o)
 .ARM.attributes
                0x0000000000000571       0x1e c:/st/stm32cubeide_1.11.2/stm32cubeide/plugins/com.st.stm32cube.ide.mcu.externaltools.gnu-tools-for-stm32.10.3-2021.10.win32_1.0.100.202210260954/tools/bin/../lib/gcc/arm-none-eabi/10.3.1/thumb/v7e-m+fp/hard\libgcc.a(_dvmd_tls.o)
 .ARM.attributes
                0x000000000000058f       0x1e c:/st/stm32cubeide_1.11.2/stm32cubeide/plugins/com.st.stm32cube.ide.mcu.externaltools.gnu-tools-for-stm32.10.3-2021.10.win32_1.0.100.202210260954/tools/bin/../lib/gcc/arm-none-eabi/10.3.1/thumb/v7e-m+fp/hard/crtn.o
OUTPUT(2024_robotracer_code.elf elf32-littlearm)
LOAD linker stubs
LOAD c:/st/stm32cubeide_1.11.2/stm32cubeide/plugins/com.st.stm32cube.ide.mcu.externaltools.gnu-tools-for-stm32.10.3-2021.10.win32_1.0.100.202210260954/tools/bin/../lib/gcc/arm-none-eabi/10.3.1/../../../../arm-none-eabi/lib/thumb/v7e-m+fp/hard\libc.a
LOAD c:/st/stm32cubeide_1.11.2/stm32cubeide/plugins/com.st.stm32cube.ide.mcu.externaltools.gnu-tools-for-stm32.10.3-2021.10.win32_1.0.100.202210260954/tools/bin/../lib/gcc/arm-none-eabi/10.3.1/../../../../arm-none-eabi/lib/thumb/v7e-m+fp/hard\libm.a
LOAD c:/st/stm32cubeide_1.11.2/stm32cubeide/plugins/com.st.stm32cube.ide.mcu.externaltools.gnu-tools-for-stm32.10.3-2021.10.win32_1.0.100.202210260954/tools/bin/../lib/gcc/arm-none-eabi/10.3.1/thumb/v7e-m+fp/hard\libgcc.a

.debug_info     0x0000000000000000    0x17ead
 .debug_info    0x0000000000000000     0x21ec ./Core/Src/main.o
 .debug_info    0x00000000000021ec     0x1ffd ./Core/Src/stm32f4xx_hal_msp.o
 .debug_info    0x00000000000041e9      0x754 ./Core/Src/stm32f4xx_it.o
 .debug_info    0x000000000000493d      0x523 ./Core/Src/system_stm32f4xx.o
 .debug_info    0x0000000000004e60       0x22 ./Core/Startup/startup_stm32f405rgtx.o
 .debug_info    0x0000000000004e82      0x96a ./Drivers/STM32F4xx_HAL_Driver/Src/stm32f4xx_hal.o
 .debug_info    0x00000000000057ec      0xd70 ./Drivers/STM32F4xx_HAL_Driver/Src/stm32f4xx_hal_adc.o
 .debug_info    0x000000000000655c      0xe09 ./Drivers/STM32F4xx_HAL_Driver/Src/stm32f4xx_hal_cortex.o
 .debug_info    0x0000000000007365      0x76a ./Drivers/STM32F4xx_HAL_Driver/Src/stm32f4xx_hal_gpio.o
 .debug_info    0x0000000000007acf     0x2609 ./Drivers/STM32F4xx_HAL_Driver/Src/stm32f4xx_hal_i2c.o
 .debug_info    0x000000000000a0d8      0x966 ./Drivers/STM32F4xx_HAL_Driver/Src/stm32f4xx_hal_rcc.o
 .debug_info    0x000000000000aa3e     0x1d34 ./Drivers/STM32F4xx_HAL_Driver/Src/stm32f4xx_hal_sd.o
 .debug_info    0x000000000000c772     0x1758 ./Drivers/STM32F4xx_HAL_Driver/Src/stm32f4xx_hal_spi.o
 .debug_info    0x000000000000deca     0x2bbe ./Drivers/STM32F4xx_HAL_Driver/Src/stm32f4xx_hal_tim.o
 .debug_info    0x0000000000010a88     0x15e0 ./Drivers/STM32F4xx_HAL_Driver/Src/stm32f4xx_hal_tim_ex.o
 .debug_info    0x0000000000012068     0x31bc ./Drivers/STM32F4xx_HAL_Driver/Src/stm32f4xx_hal_uart.o
 .debug_info    0x0000000000015224     0x11dd ./Drivers/STM32F4xx_HAL_Driver/Src/stm32f4xx_ll_sdmmc.o
 .debug_info    0x0000000000016401      0x4fa ./FATFS/App/fatfs.o
 .debug_info    0x00000000000168fb      0xb43 ./FATFS/Target/bsp_driver_sd.o
 .debug_info    0x000000000001743e      0x1dd ./FATFS/Target/fatfs_platform.o
 .debug_info    0x000000000001761b      0x4e9 ./FATFS/Target/sd_diskio.o
 .debug_info    0x0000000000017b04      0x3a9 ./Middlewares/Third_Party/FatFs/src/ff_gen_drv.o

.debug_abbrev   0x0000000000000000     0x2ca6
 .debug_abbrev  0x0000000000000000      0x2e4 ./Core/Src/main.o
 .debug_abbrev  0x00000000000002e4      0x237 ./Core/Src/stm32f4xx_hal_msp.o
 .debug_abbrev  0x000000000000051b      0x184 ./Core/Src/stm32f4xx_it.o
 .debug_abbrev  0x000000000000069f      0x116 ./Core/Src/system_stm32f4xx.o
 .debug_abbrev  0x00000000000007b5       0x12 ./Core/Startup/startup_stm32f405rgtx.o
 .debug_abbrev  0x00000000000007c7      0x20d ./Drivers/STM32F4xx_HAL_Driver/Src/stm32f4xx_hal.o
 .debug_abbrev  0x00000000000009d4      0x244 ./Drivers/STM32F4xx_HAL_Driver/Src/stm32f4xx_hal_adc.o
 .debug_abbrev  0x0000000000000c18      0x316 ./Drivers/STM32F4xx_HAL_Driver/Src/stm32f4xx_hal_cortex.o
 .debug_abbrev  0x0000000000000f2e      0x1c4 ./Drivers/STM32F4xx_HAL_Driver/Src/stm32f4xx_hal_gpio.o
 .debug_abbrev  0x00000000000010f2      0x297 ./Drivers/STM32F4xx_HAL_Driver/Src/stm32f4xx_hal_i2c.o
 .debug_abbrev  0x0000000000001389      0x2aa ./Drivers/STM32F4xx_HAL_Driver/Src/stm32f4xx_hal_rcc.o
 .debug_abbrev  0x0000000000001633      0x288 ./Drivers/STM32F4xx_HAL_Driver/Src/stm32f4xx_hal_sd.o
 .debug_abbrev  0x00000000000018bb      0x26e ./Drivers/STM32F4xx_HAL_Driver/Src/stm32f4xx_hal_spi.o
 .debug_abbrev  0x0000000000001b29      0x25d ./Drivers/STM32F4xx_HAL_Driver/Src/stm32f4xx_hal_tim.o
 .debug_abbrev  0x0000000000001d86      0x265 ./Drivers/STM32F4xx_HAL_Driver/Src/stm32f4xx_hal_tim_ex.o
 .debug_abbrev  0x0000000000001feb      0x2f4 ./Drivers/STM32F4xx_HAL_Driver/Src/stm32f4xx_hal_uart.o
 .debug_abbrev  0x00000000000022df      0x1ce ./Drivers/STM32F4xx_HAL_Driver/Src/stm32f4xx_ll_sdmmc.o
 .debug_abbrev  0x00000000000024ad      0x15a ./FATFS/App/fatfs.o
 .debug_abbrev  0x0000000000002607      0x27d ./FATFS/Target/bsp_driver_sd.o
 .debug_abbrev  0x0000000000002884      0x105 ./FATFS/Target/fatfs_platform.o
 .debug_abbrev  0x0000000000002989      0x187 ./FATFS/Target/sd_diskio.o
 .debug_abbrev  0x0000000000002b10      0x196 ./Middlewares/Third_Party/FatFs/src/ff_gen_drv.o

.debug_aranges  0x0000000000000000     0x1608
 .debug_aranges
                0x0000000000000000       0xc8 ./Core/Src/main.o
 .debug_aranges
                0x00000000000000c8       0xa8 ./Core/Src/stm32f4xx_hal_msp.o
 .debug_aranges
                0x0000000000000170       0x70 ./Core/Src/stm32f4xx_it.o
 .debug_aranges
                0x00000000000001e0       0x28 ./Core/Src/system_stm32f4xx.o
 .debug_aranges
                0x0000000000000208       0x28 ./Core/Startup/startup_stm32f405rgtx.o
 .debug_aranges
                0x0000000000000230       0xf0 ./Drivers/STM32F4xx_HAL_Driver/Src/stm32f4xx_hal.o
 .debug_aranges
                0x0000000000000320       0xe8 ./Drivers/STM32F4xx_HAL_Driver/Src/stm32f4xx_hal_adc.o
 .debug_aranges
                0x0000000000000408      0x118 ./Drivers/STM32F4xx_HAL_Driver/Src/stm32f4xx_hal_cortex.o
 .debug_aranges
                0x0000000000000520       0x58 ./Drivers/STM32F4xx_HAL_Driver/Src/stm32f4xx_hal_gpio.o
 .debug_aranges
                0x0000000000000578      0x2a0 ./Drivers/STM32F4xx_HAL_Driver/Src/stm32f4xx_hal_i2c.o
 .debug_aranges
                0x0000000000000818       0x88 ./Drivers/STM32F4xx_HAL_Driver/Src/stm32f4xx_hal_rcc.o
 .debug_aranges
                0x00000000000008a0      0x168 ./Drivers/STM32F4xx_HAL_Driver/Src/stm32f4xx_hal_sd.o
 .debug_aranges
                0x0000000000000a08      0x1d0 ./Drivers/STM32F4xx_HAL_Driver/Src/stm32f4xx_hal_spi.o
 .debug_aranges
                0x0000000000000bd8      0x3d0 ./Drivers/STM32F4xx_HAL_Driver/Src/stm32f4xx_hal_tim.o
 .debug_aranges
                0x0000000000000fa8      0x168 ./Drivers/STM32F4xx_HAL_Driver/Src/stm32f4xx_hal_tim_ex.o
 .debug_aranges
                0x0000000000001110      0x200 ./Drivers/STM32F4xx_HAL_Driver/Src/stm32f4xx_hal_uart.o
 .debug_aranges
                0x0000000000001310      0x188 ./Drivers/STM32F4xx_HAL_Driver/Src/stm32f4xx_ll_sdmmc.o
 .debug_aranges
                0x0000000000001498       0x28 ./FATFS/App/fatfs.o
 .debug_aranges
                0x00000000000014c0       0xa0 ./FATFS/Target/bsp_driver_sd.o
 .debug_aranges
                0x0000000000001560       0x20 ./FATFS/Target/fatfs_platform.o
 .debug_aranges
                0x0000000000001580       0x48 ./FATFS/Target/sd_diskio.o
 .debug_aranges
                0x00000000000015c8       0x40 ./Middlewares/Third_Party/FatFs/src/ff_gen_drv.o

.debug_ranges   0x0000000000000000     0x14f8
 .debug_ranges  0x0000000000000000       0xb8 ./Core/Src/main.o
 .debug_ranges  0x00000000000000b8       0x98 ./Core/Src/stm32f4xx_hal_msp.o
 .debug_ranges  0x0000000000000150       0x60 ./Core/Src/stm32f4xx_it.o
 .debug_ranges  0x00000000000001b0       0x18 ./Core/Src/system_stm32f4xx.o
 .debug_ranges  0x00000000000001c8       0x20 ./Core/Startup/startup_stm32f405rgtx.o
 .debug_ranges  0x00000000000001e8       0xe0 ./Drivers/STM32F4xx_HAL_Driver/Src/stm32f4xx_hal.o
 .debug_ranges  0x00000000000002c8       0xd8 ./Drivers/STM32F4xx_HAL_Driver/Src/stm32f4xx_hal_adc.o
 .debug_ranges  0x00000000000003a0      0x108 ./Drivers/STM32F4xx_HAL_Driver/Src/stm32f4xx_hal_cortex.o
 .debug_ranges  0x00000000000004a8       0x48 ./Drivers/STM32F4xx_HAL_Driver/Src/stm32f4xx_hal_gpio.o
 .debug_ranges  0x00000000000004f0      0x2a8 ./Drivers/STM32F4xx_HAL_Driver/Src/stm32f4xx_hal_i2c.o
 .debug_ranges  0x0000000000000798       0x78 ./Drivers/STM32F4xx_HAL_Driver/Src/stm32f4xx_hal_rcc.o
 .debug_ranges  0x0000000000000810      0x158 ./Drivers/STM32F4xx_HAL_Driver/Src/stm32f4xx_hal_sd.o
 .debug_ranges  0x0000000000000968      0x1c0 ./Drivers/STM32F4xx_HAL_Driver/Src/stm32f4xx_hal_spi.o
 .debug_ranges  0x0000000000000b28      0x3c0 ./Drivers/STM32F4xx_HAL_Driver/Src/stm32f4xx_hal_tim.o
 .debug_ranges  0x0000000000000ee8      0x158 ./Drivers/STM32F4xx_HAL_Driver/Src/stm32f4xx_hal_tim_ex.o
 .debug_ranges  0x0000000000001040      0x220 ./Drivers/STM32F4xx_HAL_Driver/Src/stm32f4xx_hal_uart.o
 .debug_ranges  0x0000000000001260      0x178 ./Drivers/STM32F4xx_HAL_Driver/Src/stm32f4xx_ll_sdmmc.o
 .debug_ranges  0x00000000000013d8       0x18 ./FATFS/App/fatfs.o
 .debug_ranges  0x00000000000013f0       0x90 ./FATFS/Target/bsp_driver_sd.o
 .debug_ranges  0x0000000000001480       0x10 ./FATFS/Target/fatfs_platform.o
 .debug_ranges  0x0000000000001490       0x38 ./FATFS/Target/sd_diskio.o
 .debug_ranges  0x00000000000014c8       0x30 ./Middlewares/Third_Party/FatFs/src/ff_gen_drv.o

.debug_macro    0x0000000000000000    0x22ebf
 .debug_macro   0x0000000000000000      0x37f ./Core/Src/main.o
 .debug_macro   0x000000000000037f      0xa78 ./Core/Src/main.o
 .debug_macro   0x0000000000000df7      0x2b3 ./Core/Src/main.o
 .debug_macro   0x00000000000010aa       0x2e ./Core/Src/main.o
 .debug_macro   0x00000000000010d8       0x2f ./Core/Src/main.o
 .debug_macro   0x0000000000001107       0x22 ./Core/Src/main.o
 .debug_macro   0x0000000000001129       0x8e ./Core/Src/main.o
 .debug_macro   0x00000000000011b7       0x51 ./Core/Src/main.o
 .debug_macro   0x0000000000001208      0x103 ./Core/Src/main.o
 .debug_macro   0x000000000000130b       0x6a ./Core/Src/main.o
 .debug_macro   0x0000000000001375      0x1df ./Core/Src/main.o
 .debug_macro   0x0000000000001554       0x1c ./Core/Src/main.o
 .debug_macro   0x0000000000001570       0x22 ./Core/Src/main.o
 .debug_macro   0x0000000000001592       0xd9 ./Core/Src/main.o
 .debug_macro   0x000000000000166b     0x102d ./Core/Src/main.o
 .debug_macro   0x0000000000002698      0x11f ./Core/Src/main.o
 .debug_macro   0x00000000000027b7    0x1426d ./Core/Src/main.o
 .debug_macro   0x0000000000016a24       0x6d ./Core/Src/main.o
 .debug_macro   0x0000000000016a91     0x367e ./Core/Src/main.o
 .debug_macro   0x000000000001a10f      0x174 ./Core/Src/main.o
 .debug_macro   0x000000000001a283       0x5c ./Core/Src/main.o
 .debug_macro   0x000000000001a2df      0x8a7 ./Core/Src/main.o
 .debug_macro   0x000000000001ab86      0x9fe ./Core/Src/main.o
 .debug_macro   0x000000000001b584      0x115 ./Core/Src/main.o
 .debug_macro   0x000000000001b699      0x130 ./Core/Src/main.o
 .debug_macro   0x000000000001b7c9       0xa5 ./Core/Src/main.o
 .debug_macro   0x000000000001b86e      0x174 ./Core/Src/main.o
 .debug_macro   0x000000000001b9e2      0x287 ./Core/Src/main.o
 .debug_macro   0x000000000001bc69       0x5f ./Core/Src/main.o
 .debug_macro   0x000000000001bcc8      0x236 ./Core/Src/main.o
 .debug_macro   0x000000000001befe      0xb5b ./Core/Src/main.o
 .debug_macro   0x000000000001ca59      0x38b ./Core/Src/main.o
 .debug_macro   0x000000000001cde4      0x176 ./Core/Src/main.o
 .debug_macro   0x000000000001cf5a       0xf9 ./Core/Src/main.o
 .debug_macro   0x000000000001d053      0x12c ./Core/Src/main.o
 .debug_macro   0x000000000001d17f      0x21e ./Core/Src/main.o
 .debug_macro   0x000000000001d39d       0x2e ./Core/Src/main.o
 .debug_macro   0x000000000001d3cb      0x1b5 ./Core/Src/main.o
 .debug_macro   0x000000000001d580       0xd6 ./Core/Src/main.o
 .debug_macro   0x000000000001d656      0x11a ./Core/Src/main.o
 .debug_macro   0x000000000001d770       0x7e ./Core/Src/main.o
 .debug_macro   0x000000000001d7ee       0x89 ./Core/Src/main.o
 .debug_macro   0x000000000001d877      0x861 ./Core/Src/main.o
 .debug_macro   0x000000000001e0d8      0x1d5 ./Core/Src/main.o
 .debug_macro   0x000000000001e2ad      0x225 ./Core/Src/main.o
 .debug_macro   0x000000000001e4d2      0x8e6 ./Core/Src/main.o
 .debug_macro   0x000000000001edb8       0x47 ./Core/Src/main.o
 .debug_macro   0x000000000001edff      0x295 ./Core/Src/main.o
 .debug_macro   0x000000000001f094      0x12d ./Core/Src/main.o
 .debug_macro   0x000000000001f1c1      0x160 ./Core/Src/main.o
 .debug_macro   0x000000000001f321       0x1c ./Core/Src/main.o
 .debug_macro   0x000000000001f33d       0x34 ./Core/Src/main.o
 .debug_macro   0x000000000001f371       0xe5 ./Core/Src/main.o
 .debug_macro   0x000000000001f456       0x1e ./Core/Src/main.o
 .debug_macro   0x000000000001f474       0x52 ./Core/Src/main.o
 .debug_macro   0x000000000001f4c6       0x3c ./Core/Src/main.o
 .debug_macro   0x000000000001f502       0x34 ./Core/Src/main.o
 .debug_macro   0x000000000001f536       0x16 ./Core/Src/main.o
 .debug_macro   0x000000000001f54c       0x35 ./Core/Src/main.o
 .debug_macro   0x000000000001f581       0x16 ./Core/Src/main.o
 .debug_macro   0x000000000001f597       0x43 ./Core/Src/main.o
 .debug_macro   0x000000000001f5da       0x34 ./Core/Src/main.o
 .debug_macro   0x000000000001f60e       0x10 ./Core/Src/main.o
 .debug_macro   0x000000000001f61e       0x58 ./Core/Src/main.o
 .debug_macro   0x000000000001f676       0x71 ./Core/Src/main.o
 .debug_macro   0x000000000001f6e7       0x1c ./Core/Src/main.o
 .debug_macro   0x000000000001f703      0x12a ./Core/Src/main.o
 .debug_macro   0x000000000001f82d      0x341 ./Core/Src/main.o
 .debug_macro   0x000000000001fb6e       0x16 ./Core/Src/main.o
 .debug_macro   0x000000000001fb84       0x29 ./Core/Src/main.o
 .debug_macro   0x000000000001fbad       0x12 ./Core/Src/main.o
 .debug_macro   0x000000000001fbbf       0xe2 ./Core/Src/main.o
 .debug_macro   0x000000000001fca1       0x8e ./Core/Src/main.o
 .debug_macro   0x000000000001fd2f      0x242 ./Core/Src/stm32f4xx_hal_msp.o
 .debug_macro   0x000000000001ff71      0x24c ./Core/Src/stm32f4xx_it.o
 .debug_macro   0x00000000000201bd      0x233 ./Core/Src/system_stm32f4xx.o
 .debug_macro   0x00000000000203f0      0x293 ./Drivers/STM32F4xx_HAL_Driver/Src/stm32f4xx_hal.o
 .debug_macro   0x0000000000020683      0x234 ./Drivers/STM32F4xx_HAL_Driver/Src/stm32f4xx_hal_adc.o
 .debug_macro   0x00000000000208b7      0x233 ./Drivers/STM32F4xx_HAL_Driver/Src/stm32f4xx_hal_cortex.o
 .debug_macro   0x0000000000020aea      0x239 ./Drivers/STM32F4xx_HAL_Driver/Src/stm32f4xx_hal_gpio.o
 .debug_macro   0x0000000000020d23      0x27a ./Drivers/STM32F4xx_HAL_Driver/Src/stm32f4xx_hal_i2c.o
 .debug_macro   0x0000000000020f9d      0x257 ./Drivers/STM32F4xx_HAL_Driver/Src/stm32f4xx_hal_rcc.o
 .debug_macro   0x00000000000211f4      0x234 ./Drivers/STM32F4xx_HAL_Driver/Src/stm32f4xx_hal_sd.o
 .debug_macro   0x0000000000021428      0x242 ./Drivers/STM32F4xx_HAL_Driver/Src/stm32f4xx_hal_spi.o
 .debug_macro   0x000000000002166a      0x234 ./Drivers/STM32F4xx_HAL_Driver/Src/stm32f4xx_hal_tim.o
 .debug_macro   0x000000000002189e      0x233 ./Drivers/STM32F4xx_HAL_Driver/Src/stm32f4xx_hal_tim_ex.o
 .debug_macro   0x0000000000021ad1      0x234 ./Drivers/STM32F4xx_HAL_Driver/Src/stm32f4xx_hal_uart.o
 .debug_macro   0x0000000000021d05      0x234 ./Drivers/STM32F4xx_HAL_Driver/Src/stm32f4xx_ll_sdmmc.o
 .debug_macro   0x0000000000021f39      0x37f ./FATFS/App/fatfs.o
 .debug_macro   0x00000000000222b8      0x24b ./FATFS/Target/bsp_driver_sd.o
 .debug_macro   0x0000000000022503      0x23c ./FATFS/Target/fatfs_platform.o
 .debug_macro   0x000000000002273f      0x382 ./FATFS/Target/sd_diskio.o
 .debug_macro   0x0000000000022ac1       0x16 ./FATFS/Target/sd_diskio.o
 .debug_macro   0x0000000000022ad7       0x7c ./FATFS/Target/sd_diskio.o
 .debug_macro   0x0000000000022b53      0x36c ./Middlewares/Third_Party/FatFs/src/ff_gen_drv.o

.debug_line     0x0000000000000000    0x1a200
 .debug_line    0x0000000000000000      0xfbc ./Core/Src/main.o
 .debug_line    0x0000000000000fbc      0xb9e ./Core/Src/stm32f4xx_hal_msp.o
 .debug_line    0x0000000000001b5a      0x873 ./Core/Src/stm32f4xx_it.o
 .debug_line    0x00000000000023cd      0x802 ./Core/Src/system_stm32f4xx.o
 .debug_line    0x0000000000002bcf       0x88 ./Core/Startup/startup_stm32f405rgtx.o
 .debug_line    0x0000000000002c57      0xa68 ./Drivers/STM32F4xx_HAL_Driver/Src/stm32f4xx_hal.o
 .debug_line    0x00000000000036bf     0x12de ./Drivers/STM32F4xx_HAL_Driver/Src/stm32f4xx_hal_adc.o
 .debug_line    0x000000000000499d      0xd17 ./Drivers/STM32F4xx_HAL_Driver/Src/stm32f4xx_hal_cortex.o
 .debug_line    0x00000000000056b4      0xbdc ./Drivers/STM32F4xx_HAL_Driver/Src/stm32f4xx_hal_gpio.o
 .debug_line    0x0000000000006290     0x3a1d ./Drivers/STM32F4xx_HAL_Driver/Src/stm32f4xx_hal_i2c.o
 .debug_line    0x0000000000009cad      0xde2 ./Drivers/STM32F4xx_HAL_Driver/Src/stm32f4xx_hal_rcc.o
 .debug_line    0x000000000000aa8f     0x1e95 ./Drivers/STM32F4xx_HAL_Driver/Src/stm32f4xx_hal_sd.o
 .debug_line    0x000000000000c924     0x1cf2 ./Drivers/STM32F4xx_HAL_Driver/Src/stm32f4xx_hal_spi.o
 .debug_line    0x000000000000e616     0x375c ./Drivers/STM32F4xx_HAL_Driver/Src/stm32f4xx_hal_tim.o
 .debug_line    0x0000000000011d72     0x1a65 ./Drivers/STM32F4xx_HAL_Driver/Src/stm32f4xx_hal_tim_ex.o
 .debug_line    0x00000000000137d7     0x2b0d ./Drivers/STM32F4xx_HAL_Driver/Src/stm32f4xx_hal_uart.o
 .debug_line    0x00000000000162e4      0xffb ./Drivers/STM32F4xx_HAL_Driver/Src/stm32f4xx_ll_sdmmc.o
 .debug_line    0x00000000000172df      0x992 ./FATFS/App/fatfs.o
 .debug_line    0x0000000000017c71      0x962 ./FATFS/Target/bsp_driver_sd.o
 .debug_line    0x00000000000185d3      0x796 ./FATFS/Target/fatfs_platform.o
 .debug_line    0x0000000000018d69      0xa76 ./FATFS/Target/sd_diskio.o
 .debug_line    0x00000000000197df      0xa21 ./Middlewares/Third_Party/FatFs/src/ff_gen_drv.o

.debug_str      0x0000000000000000    0xd6281
 .debug_str     0x0000000000000000    0xd1451 ./Core/Src/main.o
                                      0xd18ac (size before relaxing)
 .debug_str     0x00000000000d1451      0x699 ./Core/Src/stm32f4xx_hal_msp.o
                                      0xce2a4 (size before relaxing)
 .debug_str     0x00000000000d1aea      0x100 ./Core/Src/stm32f4xx_it.o
                                      0xcd1ea (size before relaxing)
 .debug_str     0x00000000000d1bea       0xdb ./Core/Src/system_stm32f4xx.o
                                      0xcc6b2 (size before relaxing)
 .debug_str     0x00000000000d1cc5       0x36 ./Core/Startup/startup_stm32f405rgtx.o
                                         0x7a (size before relaxing)
 .debug_str     0x00000000000d1cfb      0x5fe ./Drivers/STM32F4xx_HAL_Driver/Src/stm32f4xx_hal.o
                                      0xcd215 (size before relaxing)
 .debug_str     0x00000000000d22f9      0x2cb ./Drivers/STM32F4xx_HAL_Driver/Src/stm32f4xx_hal_adc.o
                                      0xccc9f (size before relaxing)
 .debug_str     0x00000000000d25c4      0x326 ./Drivers/STM32F4xx_HAL_Driver/Src/stm32f4xx_hal_cortex.o
                                      0xccf48 (size before relaxing)
 .debug_str     0x00000000000d28ea      0x121 ./Drivers/STM32F4xx_HAL_Driver/Src/stm32f4xx_hal_gpio.o
                                      0xcc82d (size before relaxing)
 .debug_str     0x00000000000d2a0b      0xae4 ./Drivers/STM32F4xx_HAL_Driver/Src/stm32f4xx_hal_i2c.o
                                      0xcd67d (size before relaxing)
 .debug_str     0x00000000000d34ef      0x213 ./Drivers/STM32F4xx_HAL_Driver/Src/stm32f4xx_hal_rcc.o
                                      0xccae6 (size before relaxing)
 .debug_str     0x00000000000d3702      0x91f ./Drivers/STM32F4xx_HAL_Driver/Src/stm32f4xx_hal_sd.o
                                      0xcd42b (size before relaxing)
 .debug_str     0x00000000000d4021      0x552 ./Drivers/STM32F4xx_HAL_Driver/Src/stm32f4xx_hal_spi.o
                                      0xccf76 (size before relaxing)
 .debug_str     0x00000000000d4573      0xc66 ./Drivers/STM32F4xx_HAL_Driver/Src/stm32f4xx_hal_tim.o
                                      0xcda2c (size before relaxing)
 .debug_str     0x00000000000d51d9      0x3e1 ./Drivers/STM32F4xx_HAL_Driver/Src/stm32f4xx_hal_tim_ex.o
                                      0xcd248 (size before relaxing)
 .debug_str     0x00000000000d55ba      0x5ee ./Drivers/STM32F4xx_HAL_Driver/Src/stm32f4xx_hal_uart.o
                                      0xcd085 (size before relaxing)
 .debug_str     0x00000000000d5ba8      0x227 ./Drivers/STM32F4xx_HAL_Driver/Src/stm32f4xx_ll_sdmmc.o
                                      0xccb39 (size before relaxing)
 .debug_str     0x00000000000d5dcf      0x1bc ./FATFS/App/fatfs.o
                                      0xd0389 (size before relaxing)
 .debug_str     0x00000000000d5f8b      0x17b ./FATFS/Target/bsp_driver_sd.o
                                      0xccd6e (size before relaxing)
 .debug_str     0x00000000000d6106       0x21 ./FATFS/Target/fatfs_platform.o
                                      0xcc609 (size before relaxing)
 .debug_str     0x00000000000d6127       0xa0 ./FATFS/Target/sd_diskio.o
                                      0xd03d1 (size before relaxing)
 .debug_str     0x00000000000d61c7       0xba ./Middlewares/Third_Party/FatFs/src/ff_gen_drv.o
                                      0xd02f5 (size before relaxing)

.comment        0x0000000000000000       0x50
 .comment       0x0000000000000000       0x50 ./Core/Src/main.o
                                         0x51 (size before relaxing)
 .comment       0x0000000000000050       0x51 ./Core/Src/stm32f4xx_hal_msp.o
 .comment       0x0000000000000050       0x51 ./Core/Src/stm32f4xx_it.o
 .comment       0x0000000000000050       0x51 ./Core/Src/system_stm32f4xx.o
 .comment       0x0000000000000050       0x51 ./Drivers/STM32F4xx_HAL_Driver/Src/stm32f4xx_hal.o
 .comment       0x0000000000000050       0x51 ./Drivers/STM32F4xx_HAL_Driver/Src/stm32f4xx_hal_adc.o
 .comment       0x0000000000000050       0x51 ./Drivers/STM32F4xx_HAL_Driver/Src/stm32f4xx_hal_cortex.o
 .comment       0x0000000000000050       0x51 ./Drivers/STM32F4xx_HAL_Driver/Src/stm32f4xx_hal_gpio.o
 .comment       0x0000000000000050       0x51 ./Drivers/STM32F4xx_HAL_Driver/Src/stm32f4xx_hal_i2c.o
 .comment       0x0000000000000050       0x51 ./Drivers/STM32F4xx_HAL_Driver/Src/stm32f4xx_hal_rcc.o
 .comment       0x0000000000000050       0x51 ./Drivers/STM32F4xx_HAL_Driver/Src/stm32f4xx_hal_sd.o
 .comment       0x0000000000000050       0x51 ./Drivers/STM32F4xx_HAL_Driver/Src/stm32f4xx_hal_spi.o
 .comment       0x0000000000000050       0x51 ./Drivers/STM32F4xx_HAL_Driver/Src/stm32f4xx_hal_tim.o
 .comment       0x0000000000000050       0x51 ./Drivers/STM32F4xx_HAL_Driver/Src/stm32f4xx_hal_tim_ex.o
 .comment       0x0000000000000050       0x51 ./Drivers/STM32F4xx_HAL_Driver/Src/stm32f4xx_hal_uart.o
 .comment       0x0000000000000050       0x51 ./Drivers/STM32F4xx_HAL_Driver/Src/stm32f4xx_ll_sdmmc.o
 .comment       0x0000000000000050       0x51 ./FATFS/App/fatfs.o
 .comment       0x0000000000000050       0x51 ./FATFS/Target/bsp_driver_sd.o
 .comment       0x0000000000000050       0x51 ./FATFS/Target/fatfs_platform.o
 .comment       0x0000000000000050       0x51 ./FATFS/Target/sd_diskio.o
 .comment       0x0000000000000050       0x51 ./Middlewares/Third_Party/FatFs/src/ff_gen_drv.o

.debug_frame    0x0000000000000000     0x5e50
 .debug_frame   0x0000000000000000      0x2d4 ./Core/Src/main.o
 .debug_frame   0x00000000000002d4      0x2a4 ./Core/Src/stm32f4xx_hal_msp.o
 .debug_frame   0x0000000000000578      0x13c ./Core/Src/stm32f4xx_it.o
 .debug_frame   0x00000000000006b4       0x58 ./Core/Src/system_stm32f4xx.o
 .debug_frame   0x000000000000070c      0x374 ./Drivers/STM32F4xx_HAL_Driver/Src/stm32f4xx_hal.o
 .debug_frame   0x0000000000000a80      0x3fc ./Drivers/STM32F4xx_HAL_Driver/Src/stm32f4xx_hal_adc.o
 .debug_frame   0x0000000000000e7c      0x498 ./Drivers/STM32F4xx_HAL_Driver/Src/stm32f4xx_hal_cortex.o
 .debug_frame   0x0000000000001314      0x14c ./Drivers/STM32F4xx_HAL_Driver/Src/stm32f4xx_hal_gpio.o
 .debug_frame   0x0000000000001460      0xc5c ./Drivers/STM32F4xx_HAL_Driver/Src/stm32f4xx_hal_i2c.o
 .debug_frame   0x00000000000020bc      0x1f4 ./Drivers/STM32F4xx_HAL_Driver/Src/stm32f4xx_hal_rcc.o
 .debug_frame   0x00000000000022b0      0x650 ./Drivers/STM32F4xx_HAL_Driver/Src/stm32f4xx_hal_sd.o
 .debug_frame   0x0000000000002900      0x824 ./Drivers/STM32F4xx_HAL_Driver/Src/stm32f4xx_hal_spi.o
 .debug_frame   0x0000000000003124     0x11c4 ./Drivers/STM32F4xx_HAL_Driver/Src/stm32f4xx_hal_tim.o
 .debug_frame   0x00000000000042e8      0x638 ./Drivers/STM32F4xx_HAL_Driver/Src/stm32f4xx_hal_tim_ex.o
 .debug_frame   0x0000000000004920      0x92c ./Drivers/STM32F4xx_HAL_Driver/Src/stm32f4xx_hal_uart.o
 .debug_frame   0x000000000000524c      0x6d0 ./Drivers/STM32F4xx_HAL_Driver/Src/stm32f4xx_ll_sdmmc.o
 .debug_frame   0x000000000000591c       0x4c ./FATFS/App/fatfs.o
 .debug_frame   0x0000000000005968      0x258 ./FATFS/Target/bsp_driver_sd.o
 .debug_frame   0x0000000000005bc0       0x34 ./FATFS/Target/fatfs_platform.o
 .debug_frame   0x0000000000005bf4       0xe8 ./FATFS/Target/sd_diskio.o
 .debug_frame   0x0000000000005cdc       0xc8 ./Middlewares/Third_Party/FatFs/src/ff_gen_drv.o
 .debug_frame   0x0000000000005da4       0x2c c:/st/stm32cubeide_1.11.2/stm32cubeide/plugins/com.st.stm32cube.ide.mcu.externaltools.gnu-tools-for-stm32.10.3-2021.10.win32_1.0.100.202210260954/tools/bin/../lib/gcc/arm-none-eabi/10.3.1/../../../../arm-none-eabi/lib/thumb/v7e-m+fp/hard\libc_nano.a(lib_a-init.o)
 .debug_frame   0x0000000000005dd0       0x20 c:/st/stm32cubeide_1.11.2/stm32cubeide/plugins/com.st.stm32cube.ide.mcu.externaltools.gnu-tools-for-stm32.10.3-2021.10.win32_1.0.100.202210260954/tools/bin/../lib/gcc/arm-none-eabi/10.3.1/../../../../arm-none-eabi/lib/thumb/v7e-m+fp/hard\libc_nano.a(lib_a-memset.o)
 .debug_frame   0x0000000000005df0       0x2c c:/st/stm32cubeide_1.11.2/stm32cubeide/plugins/com.st.stm32cube.ide.mcu.externaltools.gnu-tools-for-stm32.10.3-2021.10.win32_1.0.100.202210260954/tools/bin/../lib/gcc/arm-none-eabi/10.3.1/thumb/v7e-m+fp/hard\libgcc.a(_aeabi_uldivmod.o)
 .debug_frame   0x0000000000005e1c       0x34 c:/st/stm32cubeide_1.11.2/stm32cubeide/plugins/com.st.stm32cube.ide.mcu.externaltools.gnu-tools-for-stm32.10.3-2021.10.win32_1.0.100.202210260954/tools/bin/../lib/gcc/arm-none-eabi/10.3.1/thumb/v7e-m+fp/hard\libgcc.a(_udivmoddi4.o)
