../Core/Src/main.c:101:6:HAL_TIM_PeriodElapsedCallback	16	static
../Core/Src/main.c:119:5:main	8	static
../Core/Src/main.c:207:6:SystemClock_Config	88	static
../Core/Src/main.c:253:13:MX_ADC1_Init	24	static
../Core/Src/main.c:305:13:MX_I2C1_Init	8	static
../Core/Src/main.c:339:13:MX_I2C2_Init	8	static
../Core/Src/main.c:373:13:MX_SDIO_SD_Init	4	static
../Core/Src/main.c:401:13:MX_SPI2_Init	8	static
../Core/Src/main.c:439:13:MX_TIM1_Init	80	static
../Core/Src/main.c:508:13:MX_TIM3_Init	56	static
../Core/Src/main.c:557:13:MX_TIM4_Init	56	static
../Core/Src/main.c:606:13:MX_TIM6_Init	16	static
../Core/Src/main.c:644:13:MX_TIM7_Init	16	static
../Core/Src/main.c:682:13:MX_TIM8_Init	80	static
../Core/Src/main.c:746:13:MX_TIM10_Init	8	static
../Core/Src/main.c:777:13:MX_TIM11_Init	8	static
../Core/Src/main.c:808:13:MX_TIM12_Init	40	static
../Core/Src/main.c:854:13:MX_TIM13_Init	8	static
../Core/Src/main.c:885:13:MX_TIM14_Init	8	static
../Core/Src/main.c:916:13:MX_USART3_UART_Init	8	static
../Core/Src/main.c:949:13:MX_GPIO_Init	48	static
../Core/Src/main.c:1021:6:Error_Handler	4	static,ignoring_inline_asm
