../Core/Src/main.c:101:6:HAL_TIM_PeriodElapsedCallback	16	static
../Core/Src/main.c:119:5:main	8	static
../Core/Src/main.c:205:6:SystemClock_Config	88	static
../Core/Src/main.c:251:13:MX_ADC1_Init	24	static
../Core/Src/main.c:303:13:MX_I2C1_Init	8	static
../Core/Src/main.c:337:13:MX_I2C2_Init	8	static
../Core/Src/main.c:371:13:MX_SDIO_SD_Init	4	static
../Core/Src/main.c:399:13:MX_SPI2_Init	8	static
../Core/Src/main.c:437:13:MX_TIM1_Init	80	static
../Core/Src/main.c:506:13:MX_TIM3_Init	56	static
../Core/Src/main.c:555:13:MX_TIM4_Init	56	static
../Core/Src/main.c:604:13:MX_TIM6_Init	16	static
../Core/Src/main.c:642:13:MX_TIM7_Init	16	static
../Core/Src/main.c:680:13:MX_TIM8_Init	80	static
../Core/Src/main.c:744:13:MX_TIM10_Init	8	static
../Core/Src/main.c:775:13:MX_TIM11_Init	8	static
../Core/Src/main.c:806:13:MX_TIM12_Init	40	static
../Core/Src/main.c:852:13:MX_TIM13_Init	8	static
../Core/Src/main.c:883:13:MX_TIM14_Init	8	static
../Core/Src/main.c:914:13:MX_USART3_UART_Init	8	static
../Core/Src/main.c:947:13:MX_GPIO_Init	48	static
../Core/Src/main.c:1019:6:Error_Handler	4	static,ignoring_inline_asm
